Component: ARM Compiler 5.06 update 6 (build 750) Tool: armlink [4d35ed]

==============================================================================

Section Cross References

    wm.o(i.<Func44>) refers to aeabi_vec_dtor_noexceptions.o(.text) for __aeabi_vec_dtor
    wm.o(i.<Func44>) refers to ios.o(t._ZNSsD1Ev) for std::basic_string<char, std::char_traits<char>, std::allocator<char>>::~basic_string()
    wm.o(i.<Func44>) refers to wm.o(.bss) for colour_wash_cycle
    wm.o(i.<Func45>) refers to aeabi_vec_dtor_noexceptions.o(.text) for __aeabi_vec_dtor
    wm.o(i.<Func45>) refers to ios.o(t._ZNSsD1Ev) for std::basic_string<char, std::char_traits<char>, std::allocator<char>>::~basic_string()
    wm.o(i.<Func45>) refers to wm.o(.bss) for white_wash_cycle
    wm.o(i._Z18CheckButtonPressed6ButtonS_7DisplayS_S_S_4Door6Buzzer) refers to wm.o(i._ZN6Button14GetButtonStateEv) for Button::GetButtonState()
    wm.o(i._Z18CheckButtonPressed6ButtonS_7DisplayS_S_S_4Door6Buzzer) refers to wm.o(i._ZN7Display13DisplayNumberEi) for Display::DisplayNumber(int)
    wm.o(i._Z18CheckButtonPressed6ButtonS_7DisplayS_S_S_4Door6Buzzer) refers to wm.o(i._ZN4Door12ReadDoorPortEv) for Door::ReadDoorPort()
    wm.o(i._Z18CheckButtonPressed6ButtonS_7DisplayS_S_S_4Door6Buzzer) refers to wm.o(i._ZN6Buzzer11SoundBuzzerEv) for Buzzer::SoundBuzzer()
    wm.o(i._ZN5Timer5DelayEt) refers to stm32f3xx_hal.o(i.HAL_Delay) for HAL_Delay
    wm.o(i._ZN6Buzzer11SoundBuzzerEv) refers to wm.o(i._ZN5Timer5DelayEt) for Timer::Delay(unsigned short)
    wm.o(i._ZN7Display13DisplayNumberEi) refers to wm.o(i._ZN7Display13UpdateDisplayEt) for Display::UpdateDisplay(unsigned short)
    wm.o(i.__sti___6_WM_cpp_49223a17) refers to ios.o(i._ZNSt8ios_base4InitC1Ev) for std::ios_base::Init::Init()
    wm.o(i.__sti___6_WM_cpp_49223a17) refers to aeabi_atexit.o(.text) for __aeabi_atexit
    wm.o(i.__sti___6_WM_cpp_49223a17) refers to locale.o(t._ZNSsC1EPKcRKSaIcE) for std::basic_string<char, std::char_traits<char>, std::allocator<char>>::basic_string(const char*, const std::allocator<char>&)
    wm.o(i.__sti___6_WM_cpp_49223a17) refers to wm.o(.data) for __rw::__rw_stream_initializer
    wm.o(i.__sti___6_WM_cpp_49223a17) refers to ios.o(i._ZNSt8ios_base4InitD1Ev) for std::ios_base::Init::~Init()
    wm.o(i.__sti___6_WM_cpp_49223a17) refers to wm.o(.bss) for colour_wash_cycle
    wm.o(i.__sti___6_WM_cpp_49223a17) refers to wm.o(i.<Func44>) for <Func44>
    wm.o(i.__sti___6_WM_cpp_49223a17) refers to wm.o(i.<Func45>) for <Func45>
    wm.o(i.get_wash_duration) refers to wm.o(.data) for colour_wash_duration
    wm.o(i.main) refers to gpio_setup.o(i.board_setup) for board_setup
    wm.o(i.main) refers to wm.o(i._ZN4DoorC1Ev) for Door::Door()
    wm.o(i.main) refers to wm.o(i._ZN5MotorC1Ev) for Motor::Motor()
    wm.o(i.main) refers to wm.o(i._ZN6ButtonC1Et) for Button::Button(unsigned short)
    wm.o(i.main) refers to wm.o(i._ZN6Button14GetButtonStateEv) for Button::GetButtonState()
    wm.o(i.main) refers to wm.o(i._ZN6Buzzer11SoundBuzzerEv) for Buzzer::SoundBuzzer()
    wm.o(i.main) refers to wm.o(i._ZN4Door12ReadDoorPortEv) for Door::ReadDoorPort()
    wm.o(i.main) refers to wm.o(i._Z18CheckButtonPressed6ButtonS_7DisplayS_S_S_4Door6Buzzer) for CheckButtonPressed(Button, Button, Display, Button, Button, Button, Door, Buzzer)
    wm.o(.ARM.exidx) refers to wm.o(i.get_num_cycle_stages) for i.get_num_cycle_stages
    wm.o(.ARM.exidx) refers to wm.o(i.get_wash_duration) for i.get_wash_duration
    wm.o(.ARM.exidx) refers to wm.o(i._ZN7Display13UpdateDisplayEt) for i._ZN7Display13UpdateDisplayEt
    wm.o(.ARM.exidx) refers to wm.o(i._ZN7Display13DisplayNumberEi) for i._ZN7Display13DisplayNumberEi
    wm.o(.ARM.exidx) refers to wm.o(i._ZN5Timer5DelayEt) for i._ZN5Timer5DelayEt
    wm.o(.ARM.exidx) refers to wm.o(i._ZN6Buzzer11SoundBuzzerEv) for i._ZN6Buzzer11SoundBuzzerEv
    wm.o(.ARM.exidx) refers to wm.o(i._ZN4Door12ReadDoorPortEv) for i._ZN4Door12ReadDoorPortEv
    wm.o(.ARM.exidx) refers to wm.o(i._ZN6Button14GetButtonStateEv) for i._ZN6Button14GetButtonStateEv
    wm.o(.ARM.exidx) refers to wm.o(i._Z18CheckButtonPressed6ButtonS_7DisplayS_S_S_4Door6Buzzer) for i._Z18CheckButtonPressed6ButtonS_7DisplayS_S_S_4Door6Buzzer
    wm.o(.ARM.exidx) refers to wm.o(i._ZN6ButtonC1Et) for i._ZN6ButtonC1Et
    wm.o(.ARM.exidx) refers to wm.o(i._ZN5MotorC1Ev) for i._ZN5MotorC1Ev
    wm.o(.ARM.exidx) refers to wm.o(i._ZN4DoorC1Ev) for i._ZN4DoorC1Ev
    wm.o(.ARM.exidx) refers to wm.o(i.main) for i.main
    wm.o(.ARM.exidx) refers to wm.o(i._ZN5Motor6RotateEb) for i._ZN5Motor6RotateEb
    wm.o(.ARM.exidx) refers to wm.o(i._ZN5Motor4StopEv) for i._ZN5Motor4StopEv
    wm.o(.ARM.exidx) refers to wm.o(i._ZN5Timer12GetTimeCountEv) for i._ZN5Timer12GetTimeCountEv
    wm.o(.ARM.exidx) refers to wm.o(i._ZN5Timer12SetTimeCountEi) for i._ZN5Timer12SetTimeCountEi
    wm.o(.ARM.exidx) refers to wm.o(i.<Func45>) for i.<Func45>
[...]
    vtable for std::ctype<char>              0x08009830   Data          52  char.o(.constdata__ZTVSt5ctypeIcE)
    vtable for std::ctype<wchar_t>           0x08009864   Data          68  ios.o(.constdata__ZTVSt5ctypeIwE)
    vtable for std::codecvt<char, char, std::__mbstate_t> 0x080098a8   Data          48  ios.o(.constdata__ZTVSt7codecvtIccSt11__mbstate_tE)
    vtable for std::codecvt<wchar_t, char, std::__mbstate_t> 0x080098d8   Data          48  ios.o(.constdata__ZTVSt7codecvtIwcSt11__mbstate_tE)
    vtable for std::ios_base                 0x08009908   Data          16  ios.o(.constdata__ZTVSt8ios_base)
    vtable for std::messages<char>           0x08009918   Data          32  rwstdexcept.o(.constdata__ZTVSt8messagesIcE)
    vtable for std::basic_ios<char, std::char_traits<char>> 0x08009938   Data          16  ios.o(.constdata__ZTVSt9basic_iosIcSt11char_traitsIcEE)
    vtable for std::basic_ios<wchar_t, std::char_traits<wchar_t>> 0x08009948   Data          16  ios.o(.constdata__ZTVSt9basic_iosIwSt11char_traitsIwEE)
    vtable for std::exception                0x08009958   Data          20  exception_dtor.o(.constdata__ZTVSt9exception)
    T1* __rw::__rw_create_native_facet<std::ctype<wchar_t>>(T1*)::string 0x0800996c   Data           1  ios.o(.constdata__ZZN4__rw24__rw_create_native_facetISt5ctypeIwEEEPT_S4_Es)
    T1* __rw::__rw_create_native_facet<std::codecvt<char, char, std::__mbstate_t>>(T1*)::string 0x0800996d   Data           1  ios.o(.constdata__ZZN4__rw24__rw_create_native_facetISt7codecvtIccSt11__mbstate_tEEEPT_S5_Es)
    T1* __rw::__rw_create_native_facet<std::codecvt<wchar_t, char, std::__mbstate_t>>(T1*)::string 0x0800996e   Data           1  ios.o(.constdata__ZZN4__rw24__rw_create_native_facetISt7codecvtIwcSt11__mbstate_tEEEPT_S5_Es)
    __rw::__rw_locale_imp::_C_category_name(int) const::string 0x0800996f   Data           1  locale.o(.constdata__ZZNK4__rw15__rw_locale_imp16_C_category_nameEiEs)
    std::basic_string<char, std::char_traits<char>, std::allocator<char>>::replace(unsigned, unsigned, const char*, unsigned, unsigned, unsigned)::string 0x08009970   Data           1  wm.o(.constdata__ZZNSs7replaceEjjPKcjjjEs)
    std::basic_string<char, std::char_traits<char>, std::allocator<char>>::_C_getRep(unsigned, unsigned)::string 0x08009971   Data           1  wm.o(.constdata__ZZNSs9_C_getRepEjjEs)
    std::messages<char>::messages(unsigned)::string 0x08009972   Data           2  rwstdexcept.o(.constdata__ZZNSt8messagesIcEC1EjEs)
    Region$$Table$$Base                      0x08009be8   Number         0  anon$$obj.o(Region$$Table)
    Region$$Table$$Limit                     0x08009c08   Number         0  anon$$obj.o(Region$$Table)
    __aeabi_HUGE_VAL                         0x08009c08   Data           0  fpconst.o(c$$dinf)
    __aeabi_HUGE_VALL                        0x08009c08   Data           0  fpconst.o(c$$dinf)
    __aeabi_INFINITY                         0x08009c08   Data           0  fpconst.o(c$$dinf)
    __dInf                                   0x08009c08   Data           0  fpconst.o(c$$dinf)
    __huge_val                               0x08009c08   Data           0  fpconst.o(c$$dinf)
    __dbl_max                                0x08009c10   Data           0  fpconst.o(c$$dmax)
    __ctype                                  0x08009c25   Data           0  lc_ctype_c.o(locale$$data)
    __lcnull_start                           0x08009d34   Data           4  null_locale.o(locale$$data)
    SHT$$INIT_ARRAY$$Base                    0x08009d54   Number         0  wm.o(.init_array)
    SHT$$INIT_ARRAY$$Limit                   0x08009d64   Number         0  rwcats.o(.init_array)
    colour_wash_duration                     0x20000000   Data          40  wm.o(.data)
    white_wash_duration                      0x20000028   Data          44  wm.o(.data)
    SystemCoreClock                          0x2000005c   Data           4  system_stm32f3xx.o(.data)
    std::ios_base::Init::_C_initcnt          0x20000060   Data           4  ios.o(.data)
    __aeabi_stdin                            0x20000084   Data           4  stdio_streams.o(.data)
    __aeabi_stdout                           0x20000088   Data           4  stdio_streams.o(.data)
    __aeabi_stderr                           0x2000008c   Data           4  stdio_streams.o(.data)
    std::ctype<char>::id                     0x20000090   Data           4  char.o(.data)
    std::ctype<wchar_t>::id                  0x20000094   Data           4  char.o(.data)
    std::locale::_C_classic                  0x200000a0   Data           4  locale.o(.data)
    std::locale::_C_native                   0x200000a4   Data           4  locale.o(.data)
    std::locale::_C_global                   0x200000a8   Data           4  locale.o(.data)
    std::codecvt<char, char, std::__mbstate_t>::id 0x200000ac   Data           4  locale.o(.data)
    std::codecvt<wchar_t, char, std::__mbstate_t>::id 0x200000b0   Data           4  locale.o(.data)
    __rw_throw_proc                          0x200000b4   Data           4  rwthrowproc_noex.o(.data)
    std::locale::id::_C_init() const::_C_id_gen 0x200000c0   Data           4  locale.o(.data__ZZNKSt6locale2id7_C_initEvE9_C_id_gen)
    guard variable for std::__rw_get_cats()::__open_cats 0x200000c4   Data           4  messages.o(.data__ZZSt13__rw_get_catsvE11__open_cats)
    std::__rw_get_cats()::__open_cats        0x200000c8   Data           8  messages.o(.data__ZZSt13__rw_get_catsvE11__open_cats)
    colour_wash_cycle                        0x200000d0   Data          40  wm.o(.bss)
    white_wash_cycle                         0x200000f8   Data          44  wm.o(.bss)
    std::__rw_cin_databuf                    0x20000128   Data         512  ios.o(.bss)
    std::__rw_cin_buffer                     0x20000328   Data          88  ios.o(.bss)
    std::__rw_indestructible_cin             0x20000380   Data          80  ios.o(.bss)
    std::__rw_cout_databuf                   0x200003d0   Data         512  ios.o(.bss)
    std::__rw_cout_buffer                    0x200005d0   Data          88  ios.o(.bss)
    std::__rw_indestructible_cout            0x20000628   Data          72  ios.o(.bss)
    std::__rw_cerr_databuf                   0x20000670   Data         512  ios.o(.bss)
    std::__rw_cerr_buffer                    0x20000870   Data          88  ios.o(.bss)
    std::__rw_indestructible_cerr            0x200008c8   Data          72  ios.o(.bss)
    std::__rw_clog_databuf                   0x20000910   Data         512  ios.o(.bss)
    std::__rw_clog_buffer                    0x20000b10   Data          88  ios.o(.bss)
    std::__rw_indestructible_clog            0x20000b68   Data          72  ios.o(.bss)
    std::__rw_wcin_databuf                   0x20000bb0   Data        1024  ios.o(.bss)
    std::__rw_wcin_buffer                    0x20000fb0   Data          88  ios.o(.bss)
    std::__rw_indestructible_wcin            0x20001008   Data          80  ios.o(.bss)
    std::__rw_wcout_databuf                  0x20001058   Data        1024  ios.o(.bss)
    std::__rw_wcout_buffer                   0x20001458   Data          88  ios.o(.bss)
    std::__rw_indestructible_wcout           0x200014b0   Data          72  ios.o(.bss)
    std::__rw_wcerr_databuf                  0x200014f8   Data        1024  ios.o(.bss)
    std::__rw_wcerr_buffer                   0x200018f8   Data          88  ios.o(.bss)
    std::__rw_indestructible_wcerr           0x20001950   Data          72  ios.o(.bss)
    std::__rw_wclog_databuf                  0x20001998   Data        1024  ios.o(.bss)
    std::__rw_wclog_buffer                   0x20001d98   Data          88  ios.o(.bss)
    std::__rw_indestructible_wclog           0x20001df0   Data          72  ios.o(.bss)
    std::__rw_std_streams                    0x20001e38   Data          32  ios.o(.bss)
    __stdin                                  0x20001e70   Data          84  stdio_streams.o(.bss)
    __stdout                                 0x20001ec4   Data          84  stdio_streams.o(.bss)
    __stderr                                 0x20001f18   Data          84  stdio_streams.o(.bss)
    __libspace_start                         0x20001f6c   Data          96  libspace.o(.bss)
    __temporary_stack_top$libspace           0x20001fcc   Data           0  libspace.o(.bss)
    std::basic_string<char, std::char_traits<char>, std::allocator<char>>::__nullref 0x20001ff8   Data          16  vendor.o(.bss__ZNSs9__nullrefE)



==============================================================================

Memory Map of the image

  Image Entry point : 0x08000189

  Load Region LR_IROM1 (Base: 0x08000000, Size: 0x00009e34, Max: 0x00040000, ABSOLUTE)

    Execution Region ER_IROM1 (Exec base: 0x08000000, Load base: 0x08000000, Size: 0x00009d64, Max: 0x00040000, ABSOLUTE)

    Exec Addr    Load Addr    Size         Type   Attr      Idx    E Section Name        Object

    0x08000000   0x08000000   0x00000188   Data   RO         1454    RESET               startup_stm32f303xc.o
    0x08000188   0x08000188   0x00000008   Code   RO         1514  * !!!main             c_w.l(__main.o)
    0x08000190   0x08000190   0x00000034   Code   RO         4068    !!!scatter          c_w.l(__scatter.o)
    0x080001c4   0x080001c4   0x0000001a   Code   RO         4070    !!handler_copy      c_w.l(__scatter_copy.o)
    0x080001de   0x080001de   0x00000002   PAD
    0x080001e0   0x080001e0   0x0000001c   Code   RO         4072    !!handler_zi        c_w.l(__scatter_zi.o)
    0x080001fc   0x080001fc   0x00000000   Code   RO         3471    .ARM.Collect$$_printf_percent$$00000000  c_w.l(_printf_percent.o)
    0x080001fc   0x080001fc   0x00000006   Code   RO         3460    .ARM.Collect$$_printf_percent$$00000001  c_w.l(_printf_n.o)
    0x08000202   0x08000202   0x00000006   Code   RO         3462    .ARM.Collect$$_printf_percent$$00000002  c_w.l(_printf_p.o)
    0x08000208   0x08000208   0x00000006   Code   RO         3467    .ARM.Collect$$_printf_percent$$00000003  c_w.l(_printf_f.o)
    0x0800020e   0x0800020e   0x00000006   Code   RO         3468    .ARM.Collect$$_printf_percent$$00000004  c_w.l(_printf_e.o)
    0x08000214   0x08000214   0x00000006   Code   RO         3469    .ARM.Collect$$_printf_percent$$00000005  c_w.l(_printf_g.o)
    0x0800021a   0x0800021a   0x00000006   Code   RO         3470    .ARM.Collect$$_printf_percent$$00000006  c_w.l(_printf_a.o)
    0x08000220   0x08000220   0x0000000a   Code   RO         3475    .ARM.Collect$$_printf_percent$$00000007  c_w.l(_printf_ll.o)
    0x0800022a   0x0800022a   0x00000006   Code   RO         3464    .ARM.Collect$$_printf_percent$$00000008  c_w.l(_printf_i.o)
    0x08000230   0x08000230   0x00000006   Code   RO         3465    .ARM.Collect$$_printf_percent$$00000009  c_w.l(_printf_d.o)
    0x08000236   0x08000236   0x00000006   Code   RO         3466    .ARM.Collect$$_printf_percent$$0000000A  c_w.l(_printf_u.o)
    0x0800023c   0x0800023c   0x00000006   Code   RO         3463    .ARM.Collect$$_printf_percent$$0000000B  c_w.l(_printf_o.o)
    0x08000242   0x08000242   0x00000006   Code   RO         3461    .ARM.Collect$$_printf_percent$$0000000C  c_w.l(_printf_x.o)
    0x08000248   0x08000248   0x00000006   Code   RO         3472    .ARM.Collect$$_printf_percent$$0000000D  c_w.l(_printf_lli.o)
    0x0800024e   0x0800024e   0x00000006   Code   RO         3473    .ARM.Collect$$_printf_percent$$0000000E  c_w.l(_printf_lld.o)
    0x08000254   0x08000254   0x00000006   Code   RO         3474    .ARM.Collect$$_printf_percent$$0000000F  c_w.l(_printf_llu.o)
    0x0800025a   0x0800025a   0x00000006   Code   RO         3479    .ARM.Collect$$_printf_percent$$00000010  c_w.l(_printf_llo.o)
    0x08000260   0x08000260   0x00000006   Code   RO         3480    .ARM.Collect$$_printf_percent$$00000011  c_w.l(_printf_llx.o)
    0x08000266   0x08000266   0x0000000a   Code   RO         3476    .ARM.Collect$$_printf_percent$$00000012  c_w.l(_printf_l.o)
    0x08000270   0x08000270   0x00000006   Code   RO         3458    .ARM.Collect$$_printf_percent$$00000013  c_w.l(_printf_c.o)
    0x08000276   0x08000276   0x00000006   Code   RO         3459    .ARM.Collect$$_printf_percent$$00000014  c_w.l(_printf_s.o)
    0x0800027c   0x0800027c   0x00000006   Code   RO         3477    .ARM.Collect$$_printf_percent$$00000015  c_w.l(_printf_lc.o)
    0x08000282   0x08000282   0x00000006   Code   RO         3478    .ARM.Collect$$_printf_percent$$00000016  c_w.l(_printf_ls.o)
    0x08000288   0x08000288   0x00000004   Code   RO         3757    .ARM.Collect$$_printf_percent$$00000017  c_w.l(_printf_percent_end.o)
    0x0800028c   0x0800028c   0x00000002   Code   RO         3820    .ARM.Collect$$libinit$$00000000  c_w.l(libinit.o)
    0x0800028e   0x0800028e   0x00000004   Code   RO         2848    .ARM.Collect$$libinit$$00000001  c_w.l(libinit2.o)
    0x08000292   0x08000292   0x00000000   Code   RO         2851    .ARM.Collect$$libinit$$00000004  c_w.l(libinit2.o)
    0x08000292   0x08000292   0x00000008   Code   RO         2852    .ARM.Collect$$libinit$$00000005  c_w.l(libinit2.o)
    0x0800029a   0x0800029a   0x00000000   Code   RO         2854    .ARM.Collect$$libinit$$0000000A  c_w.l(libinit2.o)
    0x0800029a   0x0800029a   0x00000000   Code   RO         2856    .ARM.Collect$$libinit$$0000000C  c_w.l(libinit2.o)
    0x0800029a   0x0800029a   0x00000000   Code   RO         2858    .ARM.Collect$$libinit$$0000000E  c_w.l(libinit2.o)
    0x0800029a   0x0800029a   0x00000006   Code   RO         2859    .ARM.Collect$$libinit$$0000000F  c_w.l(libinit2.o)
    0x080002a0   0x080002a0   0x00000000   Code   RO         2861    .ARM.Collect$$libinit$$00000011  c_w.l(libinit2.o)
    0x080002a0   0x080002a0   0x0000000c   Code   RO         2862    .ARM.Collect$$libinit$$00000012  c_w.l(libinit2.o)
    0x080002ac   0x080002ac   0x00000000   Code   RO         2863    .ARM.Collect$$libinit$$00000013  c_w.l(libinit2.o)
    0x080002ac   0x080002ac   0x00000000   Code   RO         2865    .ARM.Collect$$libinit$$00000015  c_w.l(libinit2.o)
    0x080002ac   0x080002ac   0x0000000a   Code   RO         2866    .ARM.Collect$$libinit$$00000016  c_w.l(libinit2.o)
    0x080002b6   0x080002b6   0x00000000   Code   RO         2867    .ARM.Collect$$libinit$$00000017  c_w.l(libinit2.o)
    0x080002b6   0x080002b6   0x00000000   Code   RO         2869    .ARM.Collect$$libinit$$00000019  c_w.l(libinit2.o)
    0x080002b6   0x080002b6   0x00000000   Code   RO         2871    .ARM.Collect$$libinit$$0000001B  c_w.l(libinit2.o)
    0x080002b6   0x080002b6   0x00000000   Code   RO         2873    .ARM.Collect$$libinit$$0000001D  c_w.l(libinit2.o)
    0x080002b6   0x080002b6   0x00000000   Code   RO         2875    .ARM.Collect$$libinit$$0000001F  c_w.l(libinit2.o)
    0x080002b6   0x080002b6   0x00000000   Code   RO         2877    .ARM.Collect$$libinit$$00000021  c_w.l(libinit2.o)
    0x080002b6   0x080002b6   0x00000000   Code   RO         2879    .ARM.Collect$$libinit$$00000023  c_w.l(libinit2.o)
    0x080002b6   0x080002b6   0x00000004   Code   RO         2880    .ARM.Collect$$libinit$$00000024  c_w.l(libinit2.o)
    0x080002ba   0x080002ba   0x00000000   Code   RO         2881    .ARM.Collect$$libinit$$00000025  c_w.l(libinit2.o)
    0x080002ba   0x080002ba   0x00000000   Code   RO         2885    .ARM.Collect$$libinit$$0000002C  c_w.l(libinit2.o)
    0x080002ba   0x080002ba   0x00000000   Code   RO         2887    .ARM.Collect$$libinit$$0000002E  c_w.l(libinit2.o)
    0x080002ba   0x080002ba   0x00000000   Code   RO         2889    .ARM.Collect$$libinit$$00000030  c_w.l(libinit2.o)
    0x080002ba   0x080002ba   0x00000004   Code   RO         2890    .ARM.Collect$$libinit$$00000031  c_w.l(libinit2.o)
    0x080002be   0x080002be   0x00000000   Code   RO         2891    .ARM.Collect$$libinit$$00000032  c_w.l(libinit2.o)
    0x080002be   0x080002be   0x00000002   Code   RO         2892    .ARM.Collect$$libinit$$00000033  c_w.l(libinit2.o)
    0x080002c0   0x080002c0   0x00000002   Code   RO         4011    .ARM.Collect$$libshutdown$$00000000  c_w.l(libshutdown.o)
    0x080002c2   0x080002c2   0x00000006   Code   RO         3546    .ARM.Collect$$libshutdown$$00000001  c_w.l(libshutdown2.o)
    0x080002c8   0x080002c8   0x00000000   Code   RO         3547    .ARM.Collect$$libshutdown$$00000002  c_w.l(libshutdown2.o)
    0x080002c8   0x080002c8   0x00000004   Code   RO         3548    .ARM.Collect$$libshutdown$$00000003  c_w.l(libshutdown2.o)
    0x080002cc   0x080002cc   0x00000000   Code   RO         3549    .ARM.Collect$$libshutdown$$00000004  c_w.l(libshutdown2.o)
    0x080002cc   0x080002cc   0x00000000   Code   RO         3552    .ARM.Collect$$libshutdown$$00000007  c_w.l(libshutdown2.o)
    0x080002cc   0x080002cc   0x00000000   Code   RO         3555    .ARM.Collect$$libshutdown$$0000000A  c_w.l(libshutdown2.o)
    0x080002cc   0x080002cc   0x00000000   Code   RO         3557    .ARM.Collect$$libshutdown$$0000000C  c_w.l(libshutdown2.o)
    0x080002cc   0x080002cc   0x00000000   Code   RO         3560    .ARM.Collect$$libshutdown$$0000000F  c_w.l(libshutdown2.o)
    0x080002cc   0x080002cc   0x00000002   Code   RO         3561    .ARM.Collect$$libshutdown$$00000010  c_w.l(libshutdown2.o)
    0x080002ce   0x080002ce   0x00000000   Code   RO         2725    .ARM.Collect$$rtentry$$00000000  c_w.l(__rtentry.o)
    0x080002ce   0x080002ce   0x00000000   Code   RO         3335    .ARM.Collect$$rtentry$$00000002  c_w.l(__rtentry2.o)
    0x080002ce   0x080002ce   0x00000006   Code   RO         3347    .ARM.Collect$$rtentry$$00000004  c_w.l(__rtentry4.o)
    0x080002d4   0x080002d4   0x00000000   Code   RO         3337    .ARM.Collect$$rtentry$$00000009  c_w.l(__rtentry2.o)
    0x080002d4   0x080002d4   0x00000004   Code   RO         3338    .ARM.Collect$$rtentry$$0000000A  c_w.l(__rtentry2.o)
    0x080002d8   0x080002d8   0x00000000   Code   RO         3340    .ARM.Collect$$rtentry$$0000000C  c_w.l(__rtentry2.o)
    0x080002d8   0x080002d8   0x00000008   Code   RO         3341    .ARM.Collect$$rtentry$$0000000D  c_w.l(__rtentry2.o)
    0x080002e0   0x080002e0   0x00000002   Code   RO         3848    .ARM.Collect$$rtexit$$00000000  c_w.l(rtexit.o)
    0x080002e2   0x080002e2   0x00000000   Code   RO         3954    .ARM.Collect$$rtexit$$00000002  c_w.l(rtexit2.o)
    0x080002e2   0x080002e2   0x00000004   Code   RO         3955    .ARM.Collect$$rtexit$$00000003  c_w.l(rtexit2.o)
    0x080002e6   0x080002e6   0x00000006   Code   RO         3956    .ARM.Collect$$rtexit$$00000004  c_w.l(rtexit2.o)
    0x080002ec   0x080002ec   0x00000000   Code   RO         3728    .emb_text           c_w.l(maybetermalloc1.o)
    0x080002ec   0x080002ec   0x00000040   Code   RO         1455    .text               startup_stm32f303xc.o
    0x0800032c   0x0800032c   0x0000002e   Code   RO         1501    .text               c_w.l(aeabi_atexit.o)
    0x0800035a   0x0800035a   0x0000003e   Code   RO         1504    .text               c_w.l(strlen.o)
    0x08000398   0x08000398   0x0000008a   Code   RO         1506    .text               c_w.l(rt_memcpy_v6.o)
    0x08000422   0x08000422   0x00000084   Code   RO         1508    .text               c_w.l(rt_memmove_v6.o)
    0x080004a6   0x080004a6   0x0000004e   Code   RO         1510    .text               c_w.l(rt_memclr_w.o)
    0x080004f4   0x080004f4   0x00000006   Code   RO         1512    .text               c_w.l(heapauxi.o)
    0x080004fa   0x080004fa   0x00000002   PAD
    0x080004fc   0x080004fc   0x00000024   Code   RO         1519    .text               c_w.l(init_aeabi.o)
    0x08000520   0x08000520   0x00000022   Code   RO         2720    .text               cpprt_w.l(aeabi_vec_dtor_noexceptions.o)
    0x08000542   0x08000542   0x00000002   PAD
    0x08000544   0x08000544   0x00000008   Code   RO         2729    .text               c_w.l(rt_ddtor_pointer_addr_intlibspace.o)
    0x0800054c   0x0800054c   0x0000005e   Code   RO         2735    .text               c_w.l(h1_alloc.o)
    0x080005aa   0x080005aa   0x0000004e   Code   RO         2737    .text               c_w.l(h1_free.o)
    0x080005f8   0x080005f8   0x00000014   Code   RO         2793    .text               c_w.l(fprintf.o)
    0x0800060c   0x0800060c   0x00000034   Code   RO         2795    .text               c_w.l(vsnprintf.o)
    0x08000640   0x08000640   0x0000003c   Code   RO         2797    .text               c_w.l(sscanf.o)
    0x0800067c   0x0800067c   0x00000008   Code   RO         2801    .text               c_w.l(ferror.o)
    0x08000684   0x08000684   0x000000f8   Code   RO         2803    .text               c_w.l(fseek.o)
    0x0800077c   0x0800077c   0x00000042   Code   RO         2805    .text               c_w.l(ftell.o)
    0x080007be   0x080007be   0x0000004c   Code   RO         2817    .text               c_w.l(fclose.o)
    0x0800080a   0x0800080a   0x00000016   Code   RO         2831    .text               c_w.l(abort.o)
    0x08000820   0x08000820   0x00000042   Code   RO         2833    .text               c_w.l(cxa_finalize.o)
    0x08000862   0x08000862   0x00000048   Code   RO         2836    .text               c_w.l(strcpy.o)
    0x080008aa   0x080008aa   0x00000016   Code   RO         2838    .text               c_w.l(strrchr.o)
    0x080008c0   0x080008c0   0x00000006   Code   RO         2840    .text               c_w.l(wmemmove.o)
    0x080008c6   0x080008c6   0x00000018   Code   RO         2842    .text               c_w.l(strcat.o)
    0x080008de   0x080008de   0x00000064   Code   RO         2844    .text               c_w.l(rt_memcpy_w.o)
    0x08000942   0x08000942   0x0000007a   Code   RO         2846    .text               c_w.l(rt_memmove_w.o)
    0x080009bc   0x080009bc   0x00000002   Code   RO         3269    .text               cpprt_w.l(arm_rethrow_noexceptions.o)
    0x080009be   0x080009be   0x0000000e   Code   RO         3304    .text               cpprt_w.l(aeabi_vec_delete_noexceptions.o)
    0x080009cc   0x080009cc   0x00000066   Code   RO         3322    .text               c_w.l(sys_io.o)
    0x08000a32   0x08000a32   0x00000002   PAD
    0x08000a34   0x08000a34   0x0000000c   Code   RO         3327    .text               c_w.l(sys_exit.o)
    0x08000a40   0x08000a40   0x00000008   Code   RO         3329    .text               c_w.l(libspace.o)
    0x08000a48   0x08000a48   0x00000010   Code   RO         3349    .text               c_w.l(rt_ctype_table.o)
    0x08000a58   0x08000a58   0x00000008   Code   RO         3354    .text               c_w.l(rt_heap_descriptor_intlibspace.o)
    0x08000a60   0x08000a60   0x00000008   Code   RO         3359    .text               c_w.l(rt_new_handler_addr_intlibspace.o)
    0x08000a68   0x08000a68   0x00000008   Code   RO         3364    .text               c_w.l(rt_errno_addr_intlibspace.o)
    0x08000a70   0x08000a70   0x00000004   Code   RO         3366    .text               c_w.l(hguard.o)
    0x08000a74   0x08000a74   0x0000008a   Code   RO         3368    .text               c_w.l(init_alloc.o)
    0x08000afe   0x08000afe   0x0000000e   Code   RO         3372    .text               c_w.l(h1_init.o)
    0x08000b0c   0x08000b0c   0x0000004e   Code   RO         3388    .text               c_w.l(_printf_pad.o)
    0x08000b5a   0x08000b5a   0x00000024   Code   RO         3390    .text               c_w.l(_printf_truncate.o)
    0x08000b7e   0x08000b7e   0x00000052   Code   RO         3392    .text               c_w.l(_printf_str.o)
    0x08000bd0   0x08000bd0   0x00000078   Code   RO         3394    .text               c_w.l(_printf_dec.o)
    0x08000c48   0x08000c48   0x00000028   Code   RO         3396    .text               c_w.l(_printf_charcount.o)
    0x08000c70   0x08000c70   0x00000030   Code   RO         3398    .text               c_w.l(_printf_char_common.o)
    0x08000ca0   0x08000ca0   0x0000000a   Code   RO         3400    .text               c_w.l(_sputc.o)
    0x08000caa   0x08000caa   0x00000010   Code   RO         3402    .text               c_w.l(_snputc.o)
    0x08000cba   0x08000cba   0x00000002   PAD
    0x08000cbc   0x08000cbc   0x00000024   Code   RO         3404    .text               c_w.l(_printf_char_file.o)
    0x08000ce0   0x08000ce0   0x000000bc   Code   RO         3406    .text               c_w.l(_printf_wctomb.o)
    0x08000d9c   0x08000d9c   0x0000007c   Code   RO         3409    .text               c_w.l(_printf_longlong_dec.o)
    0x08000e18   0x08000e18   0x00000070   Code   RO         3415    .text               c_w.l(_printf_oct_int_ll.o)
    0x08000e88   0x08000e88   0x00000094   Code   RO         3435    .text               c_w.l(_printf_hex_int_ll_ptr.o)
    0x08000f1c   0x08000f1c   0x00000188   Code   RO         3455    .text               c_w.l(__printf_flags_ss_wp.o)
    0x080010a4   0x080010a4   0x00000156   Code   RO         3481    .text               c_w.l(_scanf_longlong.o)
    0x080011fa   0x080011fa   0x0000014c   Code   RO         3483    .text               c_w.l(_scanf_int.o)
    0x08001346   0x08001346   0x000000e0   Code   RO         3485    .text               c_w.l(_scanf_str.o)
    0x08001426   0x08001426   0x00000002   PAD
    0x08001428   0x08001428   0x0000002c   Code   RO         3487    .text               c_w.l(scanf_char.o)
    0x08001454   0x08001454   0x00000040   Code   RO         3489    .text               c_w.l(_sgetc.o)
    0x08001494   0x08001494   0x00000114   Code   RO         3491    .text               c_w.l(_scanf_mbtowc.o)
    0x080015a8   0x080015a8   0x000000e8   Code   RO         3493    .text               c_w.l(_scanf_wctomb.o)
    0x08001690   0x08001690   0x000000d0   Code   RO         3495    .text               c_w.l(_scanf_wstr.o)
    0x08001760   0x08001760   0x000000f0   Code   RO         3505    .text               c_w.l(stdio.o)
    0x08001850   0x08001850   0x00000138   Code   RO         3508    .text               c_w.l(initio.o)
    0x08001988   0x08001988   0x00000010   Code   RO         3516    .text               c_w.l(locale.o)
    0x08001998   0x08001998   0x0000000e   Code   RO         3528    .text               c_w.l(defsig_abrt_outer.o)
    0x080019a6   0x080019a6   0x00000008   Code   RO         3536    .text               c_w.l(memcpy.o)
    0x080019ae   0x080019ae   0x00000008   Code   RO         3538    .text               c_w.l(memmove.o)
    0x080019b6   0x080019b6   0x00000002   PAD
    0x080019b8   0x080019b8   0x00000080   Code   RO         3540    .text               c_w.l(strcmpv7m.o)
    0x08001a38   0x08001a38   0x00000004   Code   RO         3651    .text               cpprt_w.l(arm_newhandler_noexceptions.o)
    0x08001a3c   0x08001a3c   0x0000001a   Code   RO         3679    .text               cpprt_w.l(arm_exceptions_terminate.o)
    0x08001a56   0x08001a56   0x00000002   PAD
    0x08001a58   0x08001a58   0x00000050   Code   RO         3689    .text               cpprt_w.l(arm_exceptions_globs.o)
    0x08001aa8   0x08001aa8   0x00000002   Code   RO         3709    .text               c_w.l(use_no_semi.o)
    0x08001aaa   0x08001aaa   0x00000000   Code   RO         3711    .text               c_w.l(indicate_semi.o)
    0x08001aaa   0x08001aaa   0x0000004a   Code   RO         3712    .text               c_w.l(sys_stackheap_outer.o)
    0x08001af4   0x08001af4   0x00000008   Code   RO         3719    .text               c_w.l(rt_locale_intlibspace.o)
    0x08001afc   0x08001afc   0x00000008   Code   RO         3724    .text               c_w.l(rt_eh_globals_addr_intlibspace.o)
    0x08001b04   0x08001b04   0x00000034   Code   RO         3730    .text               c_w.l(h1_extend.o)
    0x08001b38   0x08001b38   0x0000008a   Code   RO         3734    .text               c_w.l(lludiv10.o)
    0x08001bc2   0x08001bc2   0x00000012   Code   RO         3736    .text               c_w.l(isspace.o)
    0x08001bd4   0x08001bd4   0x000000b2   Code   RO         3744    .text               c_w.l(_printf_intcommon.o)
    0x08001c86   0x08001c86   0x0000041e   Code   RO         3746    .text               c_w.l(_printf_fp_dec.o)
    0x080020a4   0x080020a4   0x000002fc   Code   RO         3748    .text               c_w.l(_printf_fp_hex.o)
    0x080023a0   0x080023a0   0x0000002c   Code   RO         3753    .text               c_w.l(_printf_char.o)
    0x080023cc   0x080023cc   0x0000002c   Code   RO         3755    .text               c_w.l(_printf_wchar.o)
    0x080023f8   0x080023f8   0x0000001c   Code   RO         3758    .text               c_w.l(_chval.o)
    0x08002414   0x08002414   0x00000374   Code   RO         3760    .text               c_w.l(_scanf.o)
    0x08002788   0x08002788   0x000004f8   Code   RO         3762    .text               c_w.l(scanf_fp.o)
    0x08002c80   0x08002c80   0x0000001e   Code   RO         3766    .text               c_w.l(_scanf_wcharmap.o)
    0x08002c9e   0x08002c9e   0x000001d6   Code   RO         3770    .text               c_w.l(flsbuf.o)
    0x08002e74   0x08002e74   0x00000046   Code   RO         3772    .text               c_w.l(setvbuf.o)
    0x08002eba   0x08002eba   0x00000002   PAD
    0x08002ebc   0x08002ebc   0x000000ec   Code   RO         3774    .text               c_w.l(fopen.o)
    0x08002fa8   0x08002fa8   0x000001b8   Code   RO         3782    .text               c_w.l(locale_r.o)
    0x08003160   0x08003160   0x0000003c   Code   RO         3784    .text               c_w.l(_mbrtowc.o)
    0x0800319c   0x0800319c   0x00000040   Code   RO         3786    .text               c_w.l(_wcrtomb.o)
    0x080031dc   0x080031dc   0x00000012   Code   RO         3794    .text               c_w.l(exit.o)
    0x080031ee   0x080031ee   0x0000000a   Code   RO         3796    .text               c_w.l(defsig_exit.o)
    0x080031f8   0x080031f8   0x00000030   Code   RO         3798    .text               c_w.l(defsig_abrt_inner.o)
    0x08003228   0x08003228   0x0000000e   Code   RO         3800    .text               c_w.l(defsig_rtred_outer.o)
    0x08003236   0x08003236   0x0000000e   Code   RO         3804    .text               c_w.l(defsig_rtmem_outer.o)
    0x08003244   0x08003244   0x0000003c   Code   RO         3834    .text               cpprt_w.l(arm_exceptions_mem.o)
    0x08003280   0x08003280   0x00000080   Code   RO         3852    .text               c_w.l(_printf_fp_infnan.o)
    0x08003300   0x08003300   0x000000e4   Code   RO         3858    .text               c_w.l(bigflt0.o)
    0x080033e4   0x080033e4   0x000000bc   Code   RO         3887    .text               c_w.l(fwritefast.o)
    0x080034a0   0x080034a0   0x00000032   Code   RO         3910    .text               c_w.l(defsig_general.o)
    0x080034d2   0x080034d2   0x00000002   PAD
    0x080034d4   0x080034d4   0x00000034   Code   RO         3912    .text               c_w.l(defsig_rtred_inner.o)
    0x08003508   0x08003508   0x00000050   Code   RO         3914    .text               c_w.l(defsig_rtmem_inner.o)
    0x08003558   0x08003558   0x0000000e   Code   RO         3951    .text               c_w.l(sys_wrch.o)
    0x08003566   0x08003566   0x00000016   Code   RO         3964    .text               c_w.l(_rserrno.o)
    0x0800357c   0x0800357c   0x00000320   Code   RO         3966    .text               c_w.l(scanf_hexfp.o)
    0x0800389c   0x0800389c   0x00000134   Code   RO         3968    .text               c_w.l(scanf_infnan.o)
    0x080039d0   0x080039d0   0x0000001c   Code   RO         3982    .text               cpprt_w.l(ARM_vec_cleanup_noexceptions.o)
    0x080039ec   0x080039ec   0x00000026   Code   RO         3995    .text               c_w.l(llshl.o)
    0x08003a12   0x08003a12   0x0000003e   Code   RO         3861    CL$$btod_d2e        c_w.l(btod.o)
    0x08003a50   0x08003a50   0x00000046   Code   RO         3863    CL$$btod_d2e_denorm_low  c_w.l(btod.o)
    0x08003a96   0x08003a96   0x00000060   Code   RO         3862    CL$$btod_d2e_norm_op1  c_w.l(btod.o)
    0x08003af6   0x08003af6   0x00000338   Code   RO         3871    CL$$btod_div_common  c_w.l(btod.o)
    0x08003e2e   0x08003e2e   0x00000002   PAD
    0x08003e30   0x08003e30   0x00000084   Code   RO         3869    CL$$btod_e2d        c_w.l(btod.o)
    0x08003eb4   0x08003eb4   0x000000dc   Code   RO         3868    CL$$btod_e2e        c_w.l(btod.o)
    0x08003f90   0x08003f90   0x0000002a   Code   RO         3865    CL$$btod_ediv       c_w.l(btod.o)
    0x08003fba   0x08003fba   0x0000002a   Code   RO         3867    CL$$btod_edivd      c_w.l(btod.o)
    0x08003fe4   0x08003fe4   0x0000002a   Code   RO         3864    CL$$btod_emul       c_w.l(btod.o)
    0x0800400e   0x0800400e   0x0000002a   Code   RO         3866    CL$$btod_emuld      c_w.l(btod.o)
    0x08004038   0x08004038   0x00000244   Code   RO         3870    CL$$btod_mult_common  c_w.l(btod.o)
    0x0800427c   0x0800427c   0x0000001c   Code   RO            4    i.<Func44>          wm.o
    0x08004298   0x08004298   0x0000001c   Code   RO            5    i.<Func45>          wm.o
    0x080042b4   0x080042b4   0x00000014   Code   RO         3045    i.<Func5>           cpp_ws.l(locale.o)
    0x080042c8   0x080042c8   0x00000018   Code   RO         1112    i.HAL_Delay         stm32f3xx_hal.o
    0x080042e0   0x080042e0   0x00000354   Code   RO          929    i.HAL_GPIO_Init     stm32f3xx_hal_gpio.o
    0x08004634   0x08004634   0x0000000c   Code   RO         1116    i.HAL_GetTick       stm32f3xx_hal.o
    0x08004640   0x08004640   0x00000010   Code   RO         1117    i.HAL_IncTick       stm32f3xx_hal.o
    0x08004650   0x08004650   0x00000028   Code   RO         1118    i.HAL_Init          stm32f3xx_hal.o
    0x08004678   0x08004678   0x00000024   Code   RO         1119    i.HAL_InitTick      stm32f3xx_hal.o
    0x0800469c   0x0800469c   0x00000064   Code   RO          817    i.HAL_MspInit       stm32f3xx_hal_msp.o
    0x08004700   0x08004700   0x000000d0   Code   RO         1252    i.HAL_NVIC_SetPriority  stm32f3xx_hal_cortex.o
    0x080047d0   0x080047d0   0x00000084   Code   RO         1253    i.HAL_NVIC_SetPriorityGrouping  stm32f3xx_hal_cortex.o
    0x08004854   0x08004854   0x0000068c   Code   RO          997    i.HAL_RCC_ClockConfig  stm32f3xx_hal_rcc.o
    0x08004ee0   0x08004ee0   0x00000038   Code   RO         1002    i.HAL_RCC_GetHCLKFreq  stm32f3xx_hal_rcc.o
    0x08004f18   0x08004f18   0x0000008c   Code   RO         1006    i.HAL_RCC_GetSysClockFreq  stm32f3xx_hal_rcc.o
    0x08004fa4   0x08004fa4   0x00000cd4   Code   RO         1009    i.HAL_RCC_OscConfig  stm32f3xx_hal_rcc.o
    0x08005c78   0x08005c78   0x00000078   Code   RO         1255    i.HAL_SYSTICK_CLKSourceConfig  stm32f3xx_hal_cortex.o
    0x08005cf0   0x08005cf0   0x00000002   Code   RO         1256    i.HAL_SYSTICK_Callback  stm32f3xx_hal_cortex.o
    0x08005cf2   0x08005cf2   0x00000034   Code   RO         1257    i.HAL_SYSTICK_Config  stm32f3xx_hal_cortex.o
    0x08005d26   0x08005d26   0x00000008   Code   RO         1258    i.HAL_SYSTICK_IRQHandler  stm32f3xx_hal_cortex.o
    0x08005d2e   0x08005d2e   0x0000000c   Code   RO         1375    i.SysTick_Handler   stm32f3xx_it.o
    0x08005d3a   0x08005d3a   0x00000068   Code   RO         1406    i.SystemClock_Config  gpio_setup.o
    0x08005da2   0x08005da2   0x00000002   PAD
    0x08005da4   0x08005da4   0x0000007c   Code   RO         1463    i.SystemInit        system_stm32f3xx.o
    0x08005e20   0x08005e20   0x0000007e   Code   RO            6    i._Z18CheckButtonPressed6ButtonS_7DisplayS_S_S_4Door6Buzzer  wm.o
    0x08005e9e   0x08005e9e   0x00000002   PAD
    0x08005ea0   0x08005ea0   0x00000020   Code   RO         3562    i._Z7catgetsPN4__rw8__rw_catEiiPKc  cpp_ws.l(rwcats.o)
    0x08005ec0   0x08005ec0   0x00000022   Code   RO         3563    i._Z7catopenPKci    cpp_ws.l(rwcats.o)
    0x08005ee2   0x08005ee2   0x00000058   Code   RO         2523    i._ZN37_INTERNAL_15_rwstdexcept_cpp_8697b68a4__rw13__rw_vfmatstrEPcjPKcSt9__va_list  cpp_ws.l(rwstdexcept.o)
    0x08005f3a   0x08005f3a   0x00000002   PAD
    0x08005f3c   0x08005f3c   0x0000014c   Code   RO         2524    i._ZN37_INTERNAL_15_rwstdexcept_cpp_8697b68a4__rw13__rw_vfmatstrEPcjiSt9__va_list  cpp_ws.l(rwstdexcept.o)
    0x08006088   0x08006088   0x0000001c   Code   RO            7    i._ZN4Door12ReadDoorPortEv  wm.o
    0x080060a4   0x080060a4   0x00000008   Code   RO            8    i._ZN4DoorC1Ev      wm.o
    0x080060ac   0x080060ac   0x0000005c   Code   RO         2526    i._ZN4__rw10__rw_throwEiz  cpp_ws.l(rwstdexcept.o)
    0x08006108   0x08006108   0x0000002c   Code   RO         1915    i._ZN4__rw11__rw_file_t11_C_get_modeEPSt6__FILE  cpp_ws.l(ios.o)
    0x08006134   0x08006134   0x0000001c   Code   RO         2140    i._ZN4__rw11__rw_file_t7_C_seekEli  cpp_ws.l(ios.o)
    0x08006150   0x08006150   0x00000020   Code   RO         2046    i._ZN4__rw11__rw_file_t8_C_writeEPKvjj  cpp_ws.l(ios.o)
    0x08006170   0x08006170   0x00000020   Code   RO         2471    i._ZN4__rw13__rw_allocateEji  cpp_ws.l(rwalloc.o)
    0x08006190   0x08006190   0x00000004   Code   RO         2472    i._ZN4__rw15__rw_deallocateEPvji  cpp_ws.l(rwalloc.o)
    0x08006194   0x08006194   0x00000002   Code   RO         2444    i._ZN4__rw15__rw_facet_base12_C_initfacetERKSt6locale  cpp_ws.l(ios.o)
    0x08006196   0x08006196   0x00000002   PAD
    0x08006198   0x08006198   0x000000ec   Code   RO         3148    i._ZN4__rw15__rw_locale_impC1EPKcjj  cpp_ws.l(locale.o)
    0x08006284   0x08006284   0x0000001a   Code   RO         1865    i._ZN4__rw15__rw_locale_impD1Ev  cpp_ws.l(ios.o)
    0x0800629e   0x0800629e   0x0000003a   Code   RO         3046    i._ZN4__rw21__rw_use_c_lib_localeC1EPKci  cpp_ws.l(locale.o)
    0x080062d8   0x080062d8   0x00000018   Code   RO         3013    i._ZN4__rw21__rw_use_c_lib_localeD1Ev  cpp_ws.l(char.o)
    0x080062f0   0x080062f0   0x00000098   Code   RO         3586    i._ZN4__rw25__rw_throw_exception_noexEiPc  cpp_ws.l(rwthrowproc_impl_noex.o)
    0x08006388   0x08006388   0x00000030   Code   RO         3566    i._ZN4__rw9__catfindEPNS_8__rw_catE  cpp_ws.l(rwcats.o)
    0x080063b8   0x080063b8   0x00000008   Code   RO           11    i._ZN5MotorC1Ev     wm.o
    0x080063c0   0x080063c0   0x00000014   Code   RO           14    i._ZN5Timer5DelayEt  wm.o
    0x080063d4   0x080063d4   0x00000018   Code   RO           15    i._ZN6Button14GetButtonStateEv  wm.o
    0x080063ec   0x080063ec   0x00000004   Code   RO           16    i._ZN6ButtonC1Et    wm.o
    0x080063f0   0x080063f0   0x00000040   Code   RO           17    i._ZN6Buzzer11SoundBuzzerEv  wm.o
    0x08006430   0x08006430   0x00000054   Code   RO           18    i._ZN7Display13DisplayNumberEi  wm.o
    0x08006484   0x08006484   0x00000010   Code   RO           19    i._ZN7Display13UpdateDisplayEt  wm.o
    0x08006494   0x08006494   0x0000000a   Code   RO         2128    i._ZNK4__rw11__rw_file_t10_C_is_openEv  cpp_ws.l(ios.o)
    0x0800649e   0x0800649e   0x00000004   Code   RO         2611    i._ZNKSt14__rw_exception4whatEv  cpp_ws.l(rwstdexcept.o)
    0x080064a2   0x080064a2   0x00000072   Code   RO         3200    i._ZNKSt18__rw_messages_base11_C_cat_openERKSsRKSt6locale  cpp_ws.l(messages.o)
    0x08006514   0x08006514   0x00000020   Code   RO         3203    i._ZNKSt18__rw_messages_base13_C_get_localeEi  cpp_ws.l(messages.o)
    0x08006534   0x08006534   0x00000034   Code   RO         3204    i._ZNKSt18__rw_messages_base14_C_get_messageEiii  cpp_ws.l(messages.o)
    0x08006568   0x08006568   0x0000000e   Code   RO         2983    i._ZNKSt5ctypeIcE2isENSt10ctype_base4maskEc  cpp_ws.l(char.o)
    0x08006576   0x08006576   0x00000004   Code   RO         3001    i._ZNKSt5ctypeIcE8do_widenEc  cpp_ws.l(char.o)
    0x0800657a   0x0800657a   0x00000004   Code   RO         2253    i._ZNKSt5ctypeIwE8do_widenEc  cpp_ws.l(ios.o)
    0x0800657e   0x0800657e   0x00000028   Code   RO         1632    i._ZNKSt6locale12_C_use_facetERKNS_2idEbiPFPN4__rw15__rw_facet_baseEiPKcjE  cpp_ws.l(ios.o)
    0x080065a6   0x080065a6   0x00000002   PAD
    0x080065a8   0x080065a8   0x00000108   Code   RO         3051    i._ZNKSt6locale13_C_make_facetERKNS_2idEbiPFPN4__rw15__rw_facet_baseEiPKcjE  cpp_ws.l(locale.o)
    0x080066b0   0x080066b0   0x00000074   Code   RO         3053    i._ZNKSt6locale16_C_install_facetEPN4__rw15__rw_facet_baseERKNS_2idE  cpp_ws.l(locale.o)
    0x08006724   0x08006724   0x00000030   Code   RO         3054    i._ZNKSt6locale4nameEv  cpp_ws.l(locale.o)
    0x08006754   0x08006754   0x00000004   Code   RO         2307    i._ZNKSt7codecvtIccSt11__mbstate_tE11do_encodingEv  cpp_ws.l(ios.o)
    0x08006758   0x08006758   0x0000000a   Code   RO         1980    i._ZNKSt7codecvtIccSt11__mbstate_tE13always_noconvEv  cpp_ws.l(ios.o)
    0x08006762   0x08006762   0x00000004   Code   RO         2310    i._ZNKSt7codecvtIccSt11__mbstate_tE16do_always_noconvEv  cpp_ws.l(ios.o)
    0x08006766   0x08006766   0x0000001c   Code   RO         1971    i._ZNKSt7codecvtIccSt11__mbstate_tE3outERS0_PKcS4_RS4_PcS6_RS6_  cpp_ws.l(ios.o)
    0x08006782   0x08006782   0x0000000e   Code   RO         2298    i._ZNKSt7codecvtIccSt11__mbstate_tE6do_outERS0_PKcS4_RS4_PcS6_RS6_  cpp_ws.l(ios.o)
    0x08006790   0x08006790   0x0000000a   Code   RO         1975    i._ZNKSt7codecvtIccSt11__mbstate_tE8encodingEv  cpp_ws.l(ios.o)
    0x0800679a   0x0800679a   0x00000004   Code   RO         2337    i._ZNKSt7codecvtIwcSt11__mbstate_tE11do_encodingEv  cpp_ws.l(ios.o)
    0x0800679e   0x0800679e   0x0000000a   Code   RO         2002    i._ZNKSt7codecvtIwcSt11__mbstate_tE13always_noconvEv  cpp_ws.l(ios.o)
    0x080067a8   0x080067a8   0x00000004   Code   RO         2334    i._ZNKSt7codecvtIwcSt11__mbstate_tE16do_always_noconvEv  cpp_ws.l(ios.o)
    0x080067ac   0x080067ac   0x0000001c   Code   RO         1993    i._ZNKSt7codecvtIwcSt11__mbstate_tE3outERS0_PKwS4_RS4_PcS6_RS6_  cpp_ws.l(ios.o)
    0x080067c8   0x080067c8   0x00000030   Code   RO         2325    i._ZNKSt7codecvtIwcSt11__mbstate_tE6do_outERS0_PKwS4_RS4_PcS6_RS6_  cpp_ws.l(ios.o)
    0x080067f8   0x080067f8   0x0000000a   Code   RO         1997    i._ZNKSt7codecvtIwcSt11__mbstate_tE8encodingEv  cpp_ws.l(ios.o)
    0x08006802   0x08006802   0x00000010   Code   RO         2106    i._ZNSt11char_traitsIcE11eq_int_typeERKiS2_  cpp_ws.l(ios.o)
    0x08006812   0x08006812   0x0000000c   Code   RO         1833    i._ZNSt11char_traitsIcE4copyEPcPKcj  cpp_ws.l(ios.o)
    0x0800681e   0x0800681e   0x0000000c   Code   RO         1830    i._ZNSt11char_traitsIcE4moveEPcPKcj  cpp_ws.l(ios.o)
    0x0800682a   0x0800682a   0x0000001c   Code   RO         1836    i._ZNSt11char_traitsIcE7not_eofERKi  cpp_ws.l(ios.o)
    0x08006846   0x08006846   0x00000010   Code   RO         2109    i._ZNSt11char_traitsIwE11eq_int_typeERKiS2_  cpp_ws.l(ios.o)
    0x08006856   0x08006856   0x0000000c   Code   RO         1842    i._ZNSt11char_traitsIwE4moveEPwPKwj  cpp_ws.l(ios.o)
    0x08006862   0x08006862   0x0000001c   Code   RO         1845    i._ZNSt11char_traitsIwE7not_eofERKi  cpp_ws.l(ios.o)
    0x0800687e   0x0800687e   0x00000002   PAD
    0x08006880   0x08006880   0x000000cc   Code   RO         2897    i._ZNSt12ctype_bynameIcE17_C_get_mask_tableEPKc  cpp_ws.l(char.o)
    0x0800694c   0x0800694c   0x00000120   Code   RO         2899    i._ZNSt12ctype_bynameIcEC1EPKcj  cpp_ws.l(char.o)
    0x08006a6c   0x08006a6c   0x0000000e   Code   RO         3042    i._ZNSt12ctype_bynameIcED0Ev  cpp_ws.l(char.o)
    0x08006a7a   0x08006a7a   0x00000008   Code   RO         3039    i._ZNSt12ctype_bynameIcED1Ev  cpp_ws.l(char.o)
    0x08006a82   0x08006a82   0x00000002   PAD
    0x08006a84   0x08006a84   0x00000084   Code   RO         2529    i._ZNSt14__rw_exception10_C_vformatEiSt9__va_list  cpp_ws.l(rwstdexcept.o)
    0x08006b08   0x08006b08   0x00000014   Code   RO         2582    i._ZNSt14__rw_exceptionC1Ev  cpp_ws.l(rwstdexcept.o)
    0x08006b1c   0x08006b1c   0x0000001c   Code   RO         2605    i._ZNSt14__rw_exceptionD1Ev  cpp_ws.l(rwstdexcept.o)
    0x08006b38   0x08006b38   0x00000008   Code   RO         2579    i._ZNSt18__rw_messages_baseD1Ev  cpp_ws.l(rwstdexcept.o)
    0x08006b40   0x08006b40   0x0000001a   Code   RO         3240    i._ZNSt18__rw_open_cat_dataC1Ev  cpp_ws.l(messages.o)
    0x08006b5a   0x08006b5a   0x0000000c   Code   RO         3237    i._ZNSt18__rw_open_cat_dataD1Ev  cpp_ws.l(messages.o)
    0x08006b66   0x08006b66   0x00000012   Code   RO         3243    i._ZNSt18__rw_open_cat_dataaSERKS_  cpp_ws.l(messages.o)
    0x08006b78   0x08006b78   0x000000fa   Code   RO         2901    i._ZNSt5ctypeIcE12_C_initfacetERKSt6locale  cpp_ws.l(char.o)
    0x08006c72   0x08006c72   0x00000002   PAD
    0x08006c74   0x08006c74   0x00000118   Code   RO         2903    i._ZNSt5ctypeIcEC1EPKNSt10ctype_base4maskEbj  cpp_ws.l(char.o)
    0x08006d8c   0x08006d8c   0x0000000e   Code   RO         2986    i._ZNSt5ctypeIcED0Ev  cpp_ws.l(char.o)
    0x08006d9a   0x08006d9a   0x00000002   PAD
    0x08006d9c   0x08006d9c   0x0000002c   Code   RO         2948    i._ZNSt5ctypeIcED1Ev  cpp_ws.l(char.o)
    0x08006dc8   0x08006dc8   0x00000018   Code   RO         1889    i._ZNSt5ctypeIwEC1Ej  cpp_ws.l(ios.o)
    0x08006de0   0x08006de0   0x0000000e   Code   RO         2265    i._ZNSt5ctypeIwED0Ev  cpp_ws.l(ios.o)
    0x08006dee   0x08006dee   0x00000008   Code   RO         2262    i._ZNSt5ctypeIwED1Ev  cpp_ws.l(ios.o)
    0x08006df6   0x08006df6   0x00000002   PAD
    0x08006df8   0x08006df8   0x00000014   Code   RO         2119    i._ZNSt6locale5facetC1Eji  cpp_ws.l(ios.o)
    0x08006e0c   0x08006e0c   0x0000000e   Code   RO         2220    i._ZNSt6locale5facetD0Ev  cpp_ws.l(ios.o)
    0x08006e1a   0x08006e1a   0x00000002   PAD
    0x08006e1c   0x08006e1c   0x00000084   Code   RO         3057    i._ZNSt6locale7_C_initEv  cpp_ws.l(locale.o)
    0x08006ea0   0x08006ea0   0x00000044   Code   RO         3059    i._ZNSt6locale7classicEv  cpp_ws.l(locale.o)
    0x08006ee4   0x08006ee4   0x00000020   Code   RO         3176    i._ZNSt6localeC1EPN4__rw15__rw_locale_impE  cpp_ws.l(locale.o)
    0x08006f04   0x08006f04   0x0000000c   Code   RO         1862    i._ZNSt6localeC1ERKS_  cpp_ws.l(ios.o)
    0x08006f10   0x08006f10   0x00000020   Code   RO         1858    i._ZNSt6localeC1Ev  cpp_ws.l(ios.o)
    0x08006f30   0x08006f30   0x00000020   Code   RO         1629    i._ZNSt6localeD1Ev  cpp_ws.l(ios.o)
    0x08006f50   0x08006f50   0x00000032   Code   RO         3067    i._ZNSt6localeaSERKS_  cpp_ws.l(locale.o)
    0x08006f82   0x08006f82   0x00000002   PAD
    0x08006f84   0x08006f84   0x00000014   Code   RO         1968    i._ZNSt7codecvtIccSt11__mbstate_tEC1Ej  cpp_ws.l(ios.o)
    0x08006f98   0x08006f98   0x0000000e   Code   RO         2322    i._ZNSt7codecvtIccSt11__mbstate_tED0Ev  cpp_ws.l(ios.o)
    0x08006fa6   0x08006fa6   0x00000008   Code   RO         2319    i._ZNSt7codecvtIccSt11__mbstate_tED1Ev  cpp_ws.l(ios.o)
    0x08006fae   0x08006fae   0x00000002   PAD
    0x08006fb0   0x08006fb0   0x00000014   Code   RO         1990    i._ZNSt7codecvtIwcSt11__mbstate_tEC1Ej  cpp_ws.l(ios.o)
    0x08006fc4   0x08006fc4   0x0000000e   Code   RO         2349    i._ZNSt7codecvtIwcSt11__mbstate_tED0Ev  cpp_ws.l(ios.o)
    0x08006fd2   0x08006fd2   0x00000008   Code   RO         2346    i._ZNSt7codecvtIwcSt11__mbstate_tED1Ev  cpp_ws.l(ios.o)
    0x08006fda   0x08006fda   0x00000002   PAD
    0x08006fdc   0x08006fdc   0x00000318   Code   RO         1528    i._ZNSt8ios_base4InitC1Ev  cpp_ws.l(ios.o)
    0x080072f4   0x080072f4   0x000000a8   Code   RO         1530    i._ZNSt8ios_base4InitD1Ev  cpp_ws.l(ios.o)
    0x0800739c   0x0800739c   0x00000024   Code   RO         1647    i._ZNSt8ios_baseC1Ev  cpp_ws.l(ios.o)
    0x080073c0   0x080073c0   0x0000000e   Code   RO         2591    i._ZNSt8messagesIcED0Ev  cpp_ws.l(rwstdexcept.o)
    0x080073ce   0x080073ce   0x00000010   Code   RO         2576    i._ZNSt8messagesIcED1Ev  cpp_ws.l(rwstdexcept.o)
    0x080073de   0x080073de   0x00000002   PAD
    0x080073e0   0x080073e0   0x0000000c   Code   RO         3281    i._ZNSt9exceptionC1Ev  cpprt_w.l(exception_ctor.o)
    0x080073ec   0x080073ec   0x0000003c   Code   RO         3221    i._ZSt13__rw_get_catsv  cpp_ws.l(messages.o)
    0x08007428   0x08007428   0x00000008   Code   RO         3249    i._ZdaPv            cpprt_w.l(array_del.o)
    0x08007430   0x08007430   0x00000008   Code   RO         2614    i._ZdlPv            cpprt_w.l(delete.o)
    0x08007438   0x08007438   0x00000008   Code   RO         3252    i._Znaj             cpprt_w.l(array_new.o)
    0x08007440   0x08007440   0x00000028   Code   RO         3256    i._Znwj             cpprt_w.l(new.o)
    0x08007468   0x08007468   0x00000092   Code   RO         3918    i.__ARM_array_new_general  cpprt_w.l(array_new_general.o)
    0x080074fa   0x080074fa   0x00000030   Code   RO         3941    i.__ARM_fpclassify  m_wm.l(fpclassify.o)
    0x0800752a   0x0800752a   0x00000002   PAD
    0x0800752c   0x0800752c   0x00000010   Code   RO         1259    i.__NVIC_GetPriorityGrouping  stm32f3xx_hal_cortex.o
    0x0800753c   0x0800753c   0x00000028   Code   RO         1260    i.__NVIC_SetPriority  stm32f3xx_hal_cortex.o
    0x08007564   0x08007564   0x00000010   Code   RO         3673    i.__aeabi_vec_dtor_cookie  cpprt_w.l(aeabi_vec_dtor_cookie.o)
    0x08007574   0x08007574   0x00000014   Code   RO         3670    i.__aeabi_vec_new_cookie  cpprt_w.l(aeabi_vec_new_cookie.o)
    0x08007588   0x08007588   0x00000010   Code   RO         3272    i.__cxa_guard_acquire  cpprt_w.l(cxa_guard_acquire.o)
    0x08007598   0x08007598   0x00000018   Code   RO         3828    i.__cxa_vec_new     cpprt_w.l(cxa_vec_new.o)
    0x080075b0   0x080075b0   0x000000f8   Code   RO         3943    i.__hardfp___mathlib_tofloat  m_wm.l(narrow.o)
    0x080076a8   0x080076a8   0x000000d0   Code   RO         4016    i.__hardfp_ldexp    m_wm.l(ldexp.o)
    0x08007778   0x08007778   0x00000020   Code   RO         4040    i.__mathlib_dbl_overflow  m_wm.l(dunder.o)
    0x08007798   0x08007798   0x00000020   Code   RO         4042    i.__mathlib_dbl_underflow  m_wm.l(dunder.o)
    0x080077b8   0x080077b8   0x00000012   Code   RO         3944    i.__mathlib_narrow  m_wm.l(narrow.o)
    0x080077ca   0x080077ca   0x00000002   PAD
    0x080077cc   0x080077cc   0x00000010   Code   RO         3068    i.__sti___10_locale_cpp_ff99fc7b  cpp_ws.l(locale.o)
    0x080077dc   0x080077dc   0x00000038   Code   RO         3567    i.__sti___10_rwcats_cpp_64e8068e  cpp_ws.l(rwcats.o)
    0x08007814   0x08007814   0x00000218   Code   RO           20    i.__sti___6_WM_cpp_49223a17  wm.o
    0x08007a2c   0x08007a2c   0x00000010   Code   RO         2905    i.__sti___8_char_cpp_a3dc957a  cpp_ws.l(char.o)
    0x08007a3c   0x08007a3c   0x00000014   Code   RO         4018    i.__support_ldexp   m_wm.l(ldexp.o)
    0x08007a50   0x08007a50   0x0000000e   Code   RO         3448    i._is_digit         c_w.l(__printf_wp.o)
    0x08007a5e   0x08007a5e   0x00000002   Code   RO         1407    i.assert_failed     gpio_setup.o
    0x08007a60   0x08007a60   0x00000010   Code   RO         1408    i.board_setup       gpio_setup.o
    0x08007a70   0x08007a70   0x0000001a   Code   RO         3502    i.fputc             c_w.l(fputc.o)
    0x08007a8a   0x08007a8a   0x00000006   PAD
    0x08007a90   0x08007a90   0x0000008c   Code   RO         3991    i.frexp             m_wm.l(frexp.o)
    0x08007b1c   0x08007b1c   0x000000c8   Code   RO         1409    i.gpio_setup        gpio_setup.o
    0x08007be4   0x08007be4   0x000000a4   Code   RO           23    i.main              wm.o
    0x08007c88   0x08007c88   0x0000002c   Code   RO         3789    locale$$code        c_w.l(lc_ctype_c.o)
    0x08007cb4   0x08007cb4   0x0000002c   Code   RO         3904    locale$$code        c_w.l(lc_numeric_c.o)
    0x08007ce0   0x08007ce0   0x00000014   Code   RO          223    t._ZN4__rw12__string_refIcSt11char_traitsIcESaIcEE10_C_inc_refEv  wm.o
    0x08007cf4   0x08007cf4   0x00000046   Code   RO         1921    t._ZN4__rw16__rw_facet_makerISt5ctypeIcEE13_C_maker_funcEiPKcj  cpp_ws.l(ios.o)
    0x08007d3a   0x08007d3a   0x00000002   PAD
    0x08007d3c   0x08007d3c   0x00000034   Code   RO         1894    t._ZN4__rw16__rw_facet_makerISt5ctypeIwEE13_C_maker_funcEiPKcj  cpp_ws.l(ios.o)
    0x08007d70   0x08007d70   0x00000034   Code   RO         2134    t._ZN4__rw16__rw_facet_makerISt7codecvtIccSt11__mbstate_tEE13_C_maker_funcEiPKcj  cpp_ws.l(ios.o)
    0x08007da4   0x08007da4   0x00000034   Code   RO         2143    t._ZN4__rw16__rw_facet_makerISt7codecvtIwcSt11__mbstate_tEE13_C_maker_funcEiPKcj  cpp_ws.l(ios.o)
    0x08007dd8   0x08007dd8   0x00000056   Code   RO         3164    t._ZN4__rw18__rw_locale_vectorIPNS_15__rw_facet_baseEE6resizeEjRKS2_  cpp_ws.l(locale.o)
    0x08007e2e   0x08007e2e   0x0000000e   Code   RO         2112    t._ZN4__rw18__rw_locale_vectorIPNS_15__rw_facet_baseEED1Ev  cpp_ws.l(ios.o)
    0x08007e3c   0x08007e3c   0x0000000e   Code   RO         3583    t._ZN4__rw18__rw_locale_vectorIPNS_8__rw_catEED1Ev  cpp_ws.l(rwcats.o)
    0x08007e4a   0x08007e4a   0x00000002   PAD
    0x08007e4c   0x08007e4c   0x00000014   Code   RO         2115    t._ZN4__rw18__rw_locale_vectorISsED1Ev  cpp_ws.l(ios.o)
    0x08007e60   0x08007e60   0x00000088   Code   RO         3227    t._ZN4__rw18__rw_locale_vectorISt18__rw_open_cat_dataE6resizeEj  cpp_ws.l(messages.o)
    0x08007ee8   0x08007ee8   0x00000014   Code   RO         3233    t._ZN4__rw18__rw_locale_vectorISt18__rw_open_cat_dataED1Ev  cpp_ws.l(messages.o)
    0x08007efc   0x08007efc   0x00000016   Code   RO         1650    t._ZN4__rw23__rw_create_named_facetISt5ctypeIwEEEPT_S4_PKcj  cpp_ws.l(ios.o)
    0x08007f12   0x08007f12   0x00000016   Code   RO         1722    t._ZN4__rw23__rw_create_named_facetISt7codecvtIccSt11__mbstate_tEEEPT_S5_PKcj  cpp_ws.l(ios.o)
    0x08007f28   0x08007f28   0x00000016   Code   RO         1775    t._ZN4__rw23__rw_create_named_facetISt7codecvtIwcSt11__mbstate_tEEEPT_S5_PKcj  cpp_ws.l(ios.o)
    0x08007f3e   0x08007f3e   0x00000006   Code   RO         2052    t._ZNKSt13basic_filebufIcSt11char_traitsIcEE7is_openEv  cpp_ws.l(ios.o)
    0x08007f44   0x08007f44   0x00000006   Code   RO         2093    t._ZNKSt13basic_filebufIwSt11char_traitsIwEE7is_openEv  cpp_ws.l(ios.o)
    0x08007f4a   0x08007f4a   0x00000014   Code   RO         2019    t._ZNKSt15basic_streambufIcSt11char_traitsIcEE9_C_is_eofEi  cpp_ws.l(ios.o)
    0x08007f5e   0x08007f5e   0x00000014   Code   RO         2081    t._ZNKSt15basic_streambufIwSt11char_traitsIwEE9_C_is_eofEi  cpp_ws.l(ios.o)
    0x08007f72   0x08007f72   0x00000010   Code   RO         2040    t._ZNKSt4fposISt11__mbstate_tEeqERKS1_  cpp_ws.l(ios.o)
    0x08007f82   0x08007f82   0x0000001c   Code   RO         2037    t._ZNKSt4fposISt11__mbstate_tEplEl  cpp_ws.l(ios.o)
    0x08007f9e   0x08007f9e   0x00000002   PAD
    0x08007fa0   0x08007fa0   0x00000090   Code   RO         2570    t._ZNKSt8messagesIcE6do_getEiiiRKSs  cpp_ws.l(rwstdexcept.o)
    0x08008030   0x08008030   0x00000006   Code   RO         2585    t._ZNKSt8messagesIcE7do_openERKSsRKSt6locale  cpp_ws.l(rwstdexcept.o)
    0x08008036   0x08008036   0x00000002   PAD
    0x08008038   0x08008038   0x00000034   Code   RO         1688    t._ZNSoC1EPSt15basic_streambufIcSt11char_traitsIcEE  cpp_ws.l(ios.o)
    0x0800806c   0x0800806c   0x00000032   Code   RO         3136    t._ZNSs11_C_allocateEjjj  cpp_ws.l(locale.o)
    0x0800809e   0x0800809e   0x00000018   Code   RO         3173    t._ZNSs7replaceEjjPKcj  cpp_ws.l(locale.o)
    0x080080b6   0x080080b6   0x00000002   PAD
    0x080080b8   0x080080b8   0x00000168   Code   RO         1622    t._ZNSs7replaceEjjPKcjjj  cpp_ws.l(ios.o)
    0x08008220   0x08008220   0x00000074   Code   RO         1613    t._ZNSs9_C_getRepEjj  cpp_ws.l(ios.o)
    0x08008294   0x08008294   0x00000048   Code   RO         1619    t._ZNSs9_C_unlinkEv  cpp_ws.l(ios.o)
    0x080082dc   0x080082dc   0x00000038   Code   RO         3139    t._ZNSsC1EPKcRKSaIcE  cpp_ws.l(locale.o)
    0x08008314   0x08008314   0x00000010   Code   RO         3170    t._ZNSsC1ERKSaIcE   cpp_ws.l(locale.o)
    0x08008324   0x08008324   0x0000003e   Code   RO         1616    t._ZNSsC1ERKSs      cpp_ws.l(ios.o)
    0x08008362   0x08008362   0x0000000c   Code   RO         1854    t._ZNSsD1Ev         cpp_ws.l(ios.o)
    0x0800836e   0x0800836e   0x00000002   PAD
    0x08008370   0x08008370   0x0000004c   Code   RO         3145    t._ZNSsaSEPKc       cpp_ws.l(locale.o)
    0x080083bc   0x080083bc   0x0000003e   Code   RO         3142    t._ZNSsaSERKSs      cpp_ws.l(locale.o)
    0x080083fa   0x080083fa   0x00000020   Code   RO         2062    t._ZNSt13basic_filebufIcSt11char_traitsIcEE12_C_file_seekEli  cpp_ws.l(ios.o)
    0x0800841a   0x0800841a   0x00000122   Code   RO         1764    t._ZNSt13basic_filebufIcSt11char_traitsIcEE4syncEv  cpp_ws.l(ios.o)
    0x0800853c   0x0800853c   0x00000072   Code   RO         1694    t._ZNSt13basic_filebufIcSt11char_traitsIcEE6setbufEPcl  cpp_ws.l(ios.o)
    0x080085ae   0x080085ae   0x0000016e   Code   RO         1749    t._ZNSt13basic_filebufIcSt11char_traitsIcEE8overflowEi  cpp_ws.l(ios.o)
    0x0800871c   0x0800871c   0x00000074   Code   RO         1698    t._ZNSt13basic_filebufIcSt11char_traitsIcEEC1EPSt6__FILEPcl  cpp_ws.l(ios.o)
    0x08008790   0x08008790   0x00000020   Code   RO         2103    t._ZNSt13basic_filebufIwSt11char_traitsIwEE12_C_file_seekEli  cpp_ws.l(ios.o)
    0x080087b0   0x080087b0   0x0000012a   Code   RO         1817    t._ZNSt13basic_filebufIwSt11char_traitsIwEE4syncEv  cpp_ws.l(ios.o)
    0x080088da   0x080088da   0x0000006e   Code   RO         1670    t._ZNSt13basic_filebufIwSt11char_traitsIwEE6setbufEPwl  cpp_ws.l(ios.o)
    0x08008948   0x08008948   0x00000172   Code   RO         1802    t._ZNSt13basic_filebufIwSt11char_traitsIwEE8overflowEi  cpp_ws.l(ios.o)
    0x08008aba   0x08008aba   0x00000002   PAD
    0x08008abc   0x08008abc   0x00000074   Code   RO         1674    t._ZNSt13basic_filebufIwSt11char_traitsIwEEC1EPSt6__FILEPwl  cpp_ws.l(ios.o)
    0x08008b30   0x08008b30   0x00000034   Code   RO         1664    t._ZNSt13basic_ostreamIwSt11char_traitsIwEEC1EPSt15basic_streambufIwS1_E  cpp_ws.l(ios.o)
    0x08008b64   0x08008b64   0x00000012   Code   RO         1936    t._ZNSt15basic_streambufIcSt11char_traitsIcEE10_C_own_bufEb  cpp_ws.l(ios.o)
    0x08008b76   0x08008b76   0x00000012   Code   RO         2025    t._ZNSt15basic_streambufIcSt11char_traitsIcEE11_C_out_lastEb  cpp_ws.l(ios.o)
    0x08008b88   0x08008b88   0x00000012   Code   RO         1933    t._ZNSt15basic_streambufIcSt11char_traitsIcEE17_C_set_unbufferedEb  cpp_ws.l(ios.o)
    0x08008b9a   0x08008b9a   0x00000020   Code   RO         1715    t._ZNSt15basic_streambufIcSt11char_traitsIcEE5sputcEc  cpp_ws.l(ios.o)
    0x08008bba   0x08008bba   0x00000002   Code   RO         2367    t._ZNSt15basic_streambufIcSt11char_traitsIcEE6setbufEPcl  cpp_ws.l(ios.o)
    0x08008bbc   0x08008bbc   0x00000006   Code   RO         2386    t._ZNSt15basic_streambufIcSt11char_traitsIcEE8overflowEi  cpp_ws.l(ios.o)
    0x08008bc2   0x08008bc2   0x00000006   Code   RO         1943    t._ZNSt15basic_streambufIcSt11char_traitsIcEE9pubsetbufEPcl  cpp_ws.l(ios.o)
    0x08008bc8   0x08008bc8   0x00000012   Code   RO         1909    t._ZNSt15basic_streambufIwSt11char_traitsIwEE10_C_own_bufEb  cpp_ws.l(ios.o)
    0x08008bda   0x08008bda   0x00000012   Code   RO         2087    t._ZNSt15basic_streambufIwSt11char_traitsIwEE11_C_out_lastEb  cpp_ws.l(ios.o)
    0x08008bec   0x08008bec   0x00000012   Code   RO         1906    t._ZNSt15basic_streambufIwSt11char_traitsIwEE17_C_set_unbufferedEb  cpp_ws.l(ios.o)
    0x08008bfe   0x08008bfe   0x00000022   Code   RO         1771    t._ZNSt15basic_streambufIwSt11char_traitsIwEE5sputcEw  cpp_ws.l(ios.o)
    0x08008c20   0x08008c20   0x00000002   Code   RO         2413    t._ZNSt15basic_streambufIwSt11char_traitsIwEE6setbufEPwl  cpp_ws.l(ios.o)
    0x08008c22   0x08008c22   0x00000006   Code   RO         2432    t._ZNSt15basic_streambufIwSt11char_traitsIwEE8overflowEi  cpp_ws.l(ios.o)
    0x08008c28   0x08008c28   0x00000006   Code   RO         1939    t._ZNSt15basic_streambufIwSt11char_traitsIwEE9pubsetbufEPwl  cpp_ws.l(ios.o)
    0x08008c2e   0x08008c2e   0x0000000e   Code   RO         2028    t._ZNSt4fposISt11__mbstate_tEC1ERKS1_  cpp_ws.l(ios.o)
    0x08008c3c   0x08008c3c   0x0000000a   Code   RO         1912    t._ZNSt4fposISt11__mbstate_tEC1El  cpp_ws.l(ios.o)
    0x08008c46   0x08008c46   0x00000012   Code   RO         2031    t._ZNSt4fposISt11__mbstate_tEaSERKS1_  cpp_ws.l(ios.o)
    0x08008c58   0x08008c58   0x00000008   Code   RO         2125    t._ZNSt4fposISt11__mbstate_tEpLEl  cpp_ws.l(ios.o)
    0x08008c60   0x08008c60   0x0000005c   Code   RO         1680    t._ZNSt9basic_iosIcSt11char_traitsIcEE4initEPSt15basic_streambufIcS1_E  cpp_ws.l(ios.o)
    0x08008cbc   0x08008cbc   0x00000010   Code   RO         1927    t._ZNSt9basic_iosIcSt11char_traitsIcEEC1Ev  cpp_ws.l(ios.o)
    0x08008ccc   0x08008ccc   0x0000005c   Code   RO         1656    t._ZNSt9basic_iosIwSt11char_traitsIwEE4initEPSt15basic_streambufIwS1_E  cpp_ws.l(ios.o)
    0x08008d28   0x08008d28   0x00000010   Code   RO         1900    t._ZNSt9basic_iosIwSt11char_traitsIwEEC1Ev  cpp_ws.l(ios.o)
    0x08008d38   0x08008d38   0x0000000c   Code   RO         2980    t._ZSt3maxIjERKT_S2_S2_  cpp_ws.l(char.o)
    0x08008d44   0x08008d44   0x0000001c   Code   RO         2049    t._ZSt9use_facetISt7codecvtIccSt11__mbstate_tEERKT_RKSt6locale  cpp_ws.l(ios.o)
    0x08008d60   0x08008d60   0x0000001c   Code   RO         2090    t._ZSt9use_facetISt7codecvtIwcSt11__mbstate_tEERKT_RKSt6locale  cpp_ws.l(ios.o)
    0x08008d7c   0x08008d7c   0x00000062   Code   RO         3985    x$fpl$d2f           fz_wm.l(d2f.o)
    0x08008dde   0x08008dde   0x00000002   PAD
    0x08008de0   0x08008de0   0x00000010   Code   RO         4057    x$fpl$dcheck1       fz_wm.l(dcheck1.o)
    0x08008df0   0x08008df0   0x00000018   Code   RO         3924    x$fpl$dcmpinf       fz_wm.l(dcmpi.o)
    0x08008e08   0x08008e08   0x00000078   Code   RO         3844    x$fpl$deqf          fz_wm.l(deqf.o)
    0x08008e80   0x08008e80   0x00000078   Code   RO         3846    x$fpl$dleqf         fz_wm.l(dleqf.o)
    0x08008ef8   0x08008ef8   0x00000154   Code   RO         4012    x$fpl$dmul          fz_wm.l(dmul.o)
    0x0800904c   0x0800904c   0x0000009c   Code   RO         3926    x$fpl$dnaninf       fz_wm.l(dnaninf.o)
    0x080090e8   0x080090e8   0x0000000c   Code   RO         4032    x$fpl$dretinf       fz_wm.l(dretinf.o)
    0x080090f4   0x080090f4   0x0000006c   Code   RO         3987    x$fpl$drleqf        fz_wm.l(drleqf.o)
    0x08009160   0x08009160   0x0000000a   Code   RO         3695    x$fpl$fpinit        fz_wm.l(fpinit.o)
    0x0800916a   0x0800916a   0x0000000a   Code   RO         4014    x$fpl$fretinf       fz_wm.l(fretinf.o)
    0x08009174   0x08009174   0x00000006   Code   RO         3932    x$fpl$ieeestatus    fz_wm.l(istatus.o)
    0x0800917a   0x0800917a   0x00000004   Code   RO         3697    x$fpl$printf1       fz_wm.l(printf1.o)
    0x0800917e   0x0800917e   0x00000004   Code   RO         3699    x$fpl$printf2       fz_wm.l(printf2.o)
    0x08009182   0x08009182   0x00000064   Code   RO         4063    x$fpl$retnan        fz_wm.l(retnan.o)
    0x080091e6   0x080091e6   0x0000005c   Code   RO         4034    x$fpl$scalbn        fz_wm.l(scalbn.o)
    0x08009242   0x08009242   0x00000004   Code   RO         3705    x$fpl$scanf1        fz_wm.l(scanf1.o)
    0x08009246   0x08009246   0x00000008   Code   RO         3934    x$fpl$scanf2        fz_wm.l(scanf2.o)
    0x0800924e   0x0800924e   0x00000030   Code   RO         4065    x$fpl$trapveneer    fz_wm.l(trapv.o)
    0x0800927e   0x0800927e   0x00000000   Code   RO         3940    x$fpl$usenofp       fz_wm.l(usenofp.o)
    0x0800927e   0x0800927e   0x00000030   Data   RO         1010    .constdata          stm32f3xx_hal_rcc.o
    0x080092ae   0x080092ae   0x00000002   PAD
    0x080092b0   0x080092b0   0x0000005c   Data   RO         2549    .constdata          cpp_ws.l(rwstdexcept.o)
    0x0800930c   0x0800930c   0x00000200   Data   RO         2925    .constdata          cpp_ws.l(char.o)
    0x0800950c   0x0800950c   0x00000004   Data   RO         3323    .constdata          c_w.l(sys_io.o)
    0x08009510   0x08009510   0x00000004   Data   RO         3324    .constdata          c_w.l(sys_io.o)
    0x08009514   0x08009514   0x00000004   Data   RO         3325    .constdata          c_w.l(sys_io.o)
    0x08009518   0x08009518   0x00000008   Data   RO         3407    .constdata          c_w.l(_printf_wctomb.o)
    0x08009520   0x08009520   0x00000028   Data   RO         3436    .constdata          c_w.l(_printf_hex_int_ll_ptr.o)
    0x08009548   0x08009548   0x00000011   Data   RO         3456    .constdata          c_w.l(__printf_flags_ss_wp.o)
    0x08009559   0x08009559   0x00000026   Data   RO         3749    .constdata          c_w.l(_printf_fp_hex.o)
    0x0800957f   0x0800957f   0x00000001   PAD
    0x08009580   0x08009580   0x00000094   Data   RO         3859    .constdata          c_w.l(bigflt0.o)
    0x08009614   0x08009614   0x00000014   Data   RO         2153    .constdata__ZTVNSt6locale5facetE  cpp_ws.l(ios.o)
    0x08009628   0x08009628   0x00000008   Data   RO         2168    .constdata__ZTVSi   cpp_ws.l(ios.o)
    0x08009630   0x08009630   0x00000028   Data   RO         2170    .constdata__ZTVSi   cpp_ws.l(ios.o)
    0x08009658   0x08009658   0x00000008   Data   RO         2171    .constdata__ZTVSo   cpp_ws.l(ios.o)
    0x08009660   0x08009660   0x00000028   Data   RO         2173    .constdata__ZTVSo   cpp_ws.l(ios.o)
    0x08009688   0x08009688   0x00000034   Data   RO         3024    .constdata__ZTVSt12ctype_bynameIcE  cpp_ws.l(char.o)
    0x080096bc   0x080096bc   0x00000040   Data   RO         1606    .constdata__ZTVSt13basic_filebufIcSt11char_traitsIcEE  cpp_ws.l(ios.o)
    0x080096fc   0x080096fc   0x00000040   Data   RO         1608    .constdata__ZTVSt13basic_filebufIwSt11char_traitsIwEE  cpp_ws.l(ios.o)
    0x0800973c   0x0800973c   0x00000008   Data   RO         2176    .constdata__ZTVSt13basic_istreamIwSt11char_traitsIwEE  cpp_ws.l(ios.o)
    0x08009744   0x08009744   0x00000028   Data   RO         2178    .constdata__ZTVSt13basic_istreamIwSt11char_traitsIwEE  cpp_ws.l(ios.o)
    0x0800976c   0x0800976c   0x00000008   Data   RO         2179    .constdata__ZTVSt13basic_ostreamIwSt11char_traitsIwEE  cpp_ws.l(ios.o)
    0x08009774   0x08009774   0x00000028   Data   RO         2181    .constdata__ZTVSt13basic_ostreamIwSt11char_traitsIwEE  cpp_ws.l(ios.o)
    0x0800979c   0x0800979c   0x00000014   Data   RO         2595    .constdata__ZTVSt14__rw_exception  cpp_ws.l(rwstdexcept.o)
    0x080097b0   0x080097b0   0x00000040   Data   RO         2167    .constdata__ZTVSt15basic_streambufIcSt11char_traitsIcEE  cpp_ws.l(ios.o)
    0x080097f0   0x080097f0   0x00000040   Data   RO         2175    .constdata__ZTVSt15basic_streambufIwSt11char_traitsIwEE  cpp_ws.l(ios.o)
    0x08009830   0x08009830   0x00000034   Data   RO         2936    .constdata__ZTVSt5ctypeIcE  cpp_ws.l(char.o)
    0x08009864   0x08009864   0x00000044   Data   RO         2157    .constdata__ZTVSt5ctypeIwE  cpp_ws.l(ios.o)
    0x080098a8   0x080098a8   0x00000030   Data   RO         2163    .constdata__ZTVSt7codecvtIccSt11__mbstate_tE  cpp_ws.l(ios.o)
    0x080098d8   0x080098d8   0x00000030   Data   RO         2165    .constdata__ZTVSt7codecvtIwcSt11__mbstate_tE  cpp_ws.l(ios.o)
    0x08009908   0x08009908   0x00000010   Data   RO         2155    .constdata__ZTVSt8ios_base  cpp_ws.l(ios.o)
    0x08009918   0x08009918   0x00000020   Data   RO         2562    .constdata__ZTVSt8messagesIcE  cpp_ws.l(rwstdexcept.o)
    0x08009938   0x08009938   0x00000010   Data   RO         2159    .constdata__ZTVSt9basic_iosIcSt11char_traitsIcEE  cpp_ws.l(ios.o)
    0x08009948   0x08009948   0x00000010   Data   RO         2161    .constdata__ZTVSt9basic_iosIwSt11char_traitsIwEE  cpp_ws.l(ios.o)
    0x08009958   0x08009958   0x00000014   Data   RO         3291    .constdata__ZTVSt9exception  cpprt_w.l(exception_dtor.o)
    0x0800996c   0x0800996c   0x00000001   Data   RO         1609    .constdata__ZZN4__rw24__rw_create_native_facetISt5ctypeIwEEEPT_S4_Es  cpp_ws.l(ios.o)
    0x0800996d   0x0800996d   0x00000001   Data   RO         1610    .constdata__ZZN4__rw24__rw_create_native_facetISt7codecvtIccSt11__mbstate_tEEEPT_S5_Es  cpp_ws.l(ios.o)
    0x0800996e   0x0800996e   0x00000001   Data   RO         1611    .constdata__ZZN4__rw24__rw_create_native_facetISt7codecvtIwcSt11__mbstate_tEEEPT_S5_Es  cpp_ws.l(ios.o)
    0x0800996f   0x0800996f   0x00000001   Data   RO         3133    .constdata__ZZNK4__rw15__rw_locale_imp16_C_category_nameEiEs  cpp_ws.l(locale.o)
    0x08009970   0x08009970   0x00000001   Data   RO          139    .constdata__ZZNSs7replaceEjjPKcjjjEs  wm.o
    0x08009971   0x08009971   0x00000001   Data   RO          140    .constdata__ZZNSs9_C_getRepEjjEs  wm.o
    0x08009972   0x08009972   0x00000002   Data   RO         2563    .constdata__ZZNSt8messagesIcEC1EjEs  cpp_ws.l(rwstdexcept.o)
    0x08009974   0x08009974   0x00000272   Data   RO         2550    .conststring        cpp_ws.l(rwstdexcept.o)
    0x08009be6   0x08009be6   0x00000002   PAD
    0x08009be8   0x08009be8   0x00000020   Data   RO         4067    Region$$Table       anon$$obj.o
    0x08009c08   0x08009c08   0x00000008   Data   RO         3928    c$$dinf             fz_wm.l(fpconst.o)
    0x08009c10   0x08009c10   0x00000008   Data   RO         3931    c$$dmax             fz_wm.l(fpconst.o)
    0x08009c18   0x08009c18   0x00000110   Data   RO         3788    locale$$data        c_w.l(lc_ctype_c.o)
    0x08009d28   0x08009d28   0x00000010   Data   RO         3899    locale$$data        c_w.l(null_locale.o)
    0x08009d38   0x08009d38   0x0000001c   Data   RO         3903    locale$$data        c_w.l(lc_numeric_c.o)
    0x08009d54   0x08009d54   0x00000004   Data   RO           46    .init_array         wm.o
    0x08009d58   0x08009d54   0x00000000   Data   RO         1517    .init_array         c_w.l(init_aeabi.o)
    0x08009d58   0x08009d54   0x00000004   Data   RO         2927    .init_array         cpp_ws.l(char.o)
    0x08009d5c   0x08009d54   0x00000004   Data   RO         3116    .init_array         cpp_ws.l(locale.o)
    0x08009d60   0x08009d54   0x00000004   Data   RO         3577    .init_array         cpp_ws.l(rwcats.o)


    Execution Region RW_IRAM2 (Exec base: 0x10000000, Load base: 0x08009e34, Size: 0x00000000, Max: 0x00002000, ABSOLUTE)

    **** No section assigned to this execution region ****


    Execution Region RW_IRAM1 (Exec base: 0x20000000, Load base: 0x08009d64, Size: 0x00002608, Max: 0x0000c000, ABSOLUTE)

    Exec Addr    Load Addr    Size         Type   Attr      Idx    E Section Name        Object

    0x20000000   0x08009d64   0x00000055   Data   RW           45    .data               wm.o
    0x20000055   0x08009db9   0x00000003   PAD
    0x20000058   0x08009dbc   0x00000004   Data   RW         1124    .data               stm32f3xx_hal.o
    0x2000005c   0x08009dc0   0x00000004   Data   RW         1465    .data               system_stm32f3xx.o
    0x20000060   0x08009dc4   0x0000000c   Data   RW         1588    .data               cpp_ws.l(ios.o)
    0x2000006c   0x08009dd0   0x00000017   Data   RW         2551    .data               cpp_ws.l(rwstdexcept.o)
    0x20000083   0x08009de7   0x00000001   PAD
    0x20000084   0x08009de8   0x00000004   Data   RW         2814    .data               c_w.l(stdio_streams.o)
    0x20000088   0x08009dec   0x00000004   Data   RW         2815    .data               c_w.l(stdio_streams.o)
    0x2000008c   0x08009df0   0x00000004   Data   RW         2816    .data               c_w.l(stdio_streams.o)
    0x20000090   0x08009df4   0x00000008   Data   RW         2926    .data               cpp_ws.l(char.o)
    0x20000098   0x08009dfc   0x0000001c   Data   RW         3115    .data               cpp_ws.l(locale.o)
    0x200000b4   0x08009e18   0x00000004   Data   RW         3248    .data               cpp_ws.l(rwthrowproc_noex.o)
    0x200000b8   0x08009e1c   0x00000008   Data   RW         3576    .data               cpp_ws.l(rwcats.o)
    0x200000c0   0x08009e24   0x00000004   Data   RW         3197    .data__ZZNKSt6locale2id7_C_initEvE9_C_id_gen  cpp_ws.l(locale.o)
    0x200000c4   0x08009e28   0x0000000c   Data   RW         3246    .data__ZZSt13__rw_get_catsvE11__open_cats  cpp_ws.l(messages.o)
    0x200000d0        -       0x00000054   Zero   RW           44    .bss                wm.o
    0x20000124   0x08009e34   0x00000004   PAD
    0x20000128        -       0x00001d30   Zero   RW         1548    .bss                cpp_ws.l(ios.o)
    0x20001e58        -       0x00000018   Zero   RW         2548    .bss                cpp_ws.l(rwstdexcept.o)
    0x20001e70        -       0x00000054   Zero   RW         2811    .bss                c_w.l(stdio_streams.o)
    0x20001ec4        -       0x00000054   Zero   RW         2812    .bss                c_w.l(stdio_streams.o)
    0x20001f18        -       0x00000054   Zero   RW         2813    .bss                c_w.l(stdio_streams.o)
    0x20001f6c        -       0x00000060   Zero   RW         3330    .bss                c_w.l(libspace.o)
    0x20001fcc        -       0x0000002a   Zero   RW         3517    .bss                c_w.l(locale.o)
    0x20001ff6   0x08009e34   0x00000002   PAD
    0x20001ff8        -       0x00000010   Zero   RW         3650    .bss__ZNSs9__nullrefE  cpp_ws.l(vendor.o)
    0x20002008        -       0x00000200   Zero   RW         1453    HEAP                startup_stm32f303xc.o
    0x20002208        -       0x00000400   Zero   RW         1452    STACK               startup_stm32f303xc.o


==============================================================================

Image component sizes


      Code (inc. data)   RO Data    RW Data    ZI Data      Debug   Object Name

       322         18          0          0          0       3488   gpio_setup.o
        64         26        392          0       1536        920   startup_stm32f303xc.o
       128         16          0          4          0       4222   stm32f3xx_hal.o
       578        194          0          0          0      36060   stm32f3xx_hal_cortex.o
       852        114          0          0          0       2104   stm32f3xx_hal_gpio.o
       100          6          0          0          0     500258   stm32f3xx_hal_msp.o
      5156        192         48          0          0       6216   stm32f3xx_hal_rcc.o
        12          0          0          0          0        546   stm32f3xx_it.o
       124         20          0          4          0       1647   system_stm32f3xx.o
      1158        166          6         85         84      77266   wm.o

    ----------------------------------------------------------------------
      8498        752        480         96       1624     632727   Object Totals
         0          0         32          0          0          0   (incl. Generated)
         4          0          2          3          4          0   (incl. Padding)

    ----------------------------------------------------------------------

      Code (inc. data)   RO Data    RW Data    ZI Data      Debug   Library Member Name

         8          0          0          0          0         68   __main.o
       392          4         17          0          0         92   __printf_flags_ss_wp.o
        14          0          0          0          0         68   __printf_wp.o
         0          0          0          0          0          0   __rtentry.o
        12          0          0          0          0          0   __rtentry2.o
         6          0          0          0          0          0   __rtentry4.o
        52          8          0          0          0          0   __scatter.o
        26          0          0          0          0          0   __scatter_copy.o
        28          0          0          0          0          0   __scatter_zi.o
        28          0          0          0          0         68   _chval.o
        60          0          0          0          0         92   _mbrtowc.o
         6          0          0          0          0          0   _printf_a.o
         6          0          0          0          0          0   _printf_c.o
        44          0          0          0          0        108   _printf_char.o
        48          6          0          0          0         96   _printf_char_common.o
        36          4          0          0          0         80   _printf_char_file.o
        40          0          0          0          0         68   _printf_charcount.o
         6          0          0          0          0          0   _printf_d.o
       120         16          0          0          0         92   _printf_dec.o
         6          0          0          0          0          0   _printf_e.o
         6          0          0          0          0          0   _printf_f.o
      1054          0          0          0          0        216   _printf_fp_dec.o
       764          8         38          0          0        100   _printf_fp_hex.o
       128         16          0          0          0         84   _printf_fp_infnan.o
         6          0          0          0          0          0   _printf_g.o
       148          4         40          0          0        160   _printf_hex_int_ll_ptr.o
         6          0          0          0          0          0   _printf_i.o
       178          0          0          0          0         88   _printf_intcommon.o
        10          0          0          0          0          0   _printf_l.o
         6          0          0          0          0          0   _printf_lc.o
        10          0          0          0          0          0   _printf_ll.o
         6          0          0          0          0          0   _printf_lld.o
         6          0          0          0          0          0   _printf_lli.o
         6          0          0          0          0          0   _printf_llo.o
         6          0          0          0          0          0   _printf_llu.o
         6          0          0          0          0          0   _printf_llx.o
       124         16          0          0          0         92   _printf_longlong_dec.o
         6          0          0          0          0          0   _printf_ls.o
         6          0          0          0          0          0   _printf_n.o
         6          0          0          0          0          0   _printf_o.o
       112         10          0          0          0        124   _printf_oct_int_ll.o
         6          0          0          0          0          0   _printf_p.o
        78          0          0          0          0        108   _printf_pad.o
         0          0          0          0          0          0   _printf_percent.o
         4          0          0          0          0          0   _printf_percent_end.o
         6          0          0          0          0          0   _printf_s.o
        82          0          0          0          0         80   _printf_str.o
        36          0          0          0          0         84   _printf_truncate.o
         6          0          0          0          0          0   _printf_u.o
        44          0          0          0          0        108   _printf_wchar.o
       188          6          8          0          0         92   _printf_wctomb.o
         6          0          0          0          0          0   _printf_x.o
        22          0          0          0          0        100   _rserrno.o
       884          6          0          0          0        100   _scanf.o
       332          0          0          0          0         96   _scanf_int.o
       342          0          0          0          0        100   _scanf_longlong.o
       276          0          0          0          0        100   _scanf_mbtowc.o
       224          0          0          0          0         96   _scanf_str.o
        30          0          0          0          0         76   _scanf_wcharmap.o
       232          0          0          0          0        100   _scanf_wctomb.o
       208          0          0          0          0         96   _scanf_wstr.o
        64          0          0          0          0         84   _sgetc.o
        16          0          0          0          0         68   _snputc.o
        10          0          0          0          0         68   _sputc.o
        64          0          0          0          0         92   _wcrtomb.o
        22          0          0          0          0         80   abort.o
        46          0          0          0          0         84   aeabi_atexit.o
       228          4        148          0          0         96   bigflt0.o
      2152        136          0          0          0        960   btod.o
        66          0          0          0          0         84   cxa_finalize.o
        48         34          0          0          0         76   defsig_abrt_inner.o
        14          0          0          0          0         80   defsig_abrt_outer.o
        10          0          0          0          0         68   defsig_exit.o
        50          0          0          0          0         88   defsig_general.o
        80         58          0          0          0         76   defsig_rtmem_inner.o
        14          0          0          0          0         80   defsig_rtmem_outer.o
        52         38          0          0          0         76   defsig_rtred_inner.o
        14          0          0          0          0         80   defsig_rtred_outer.o
        18          0          0          0          0         80   exit.o
        76          0          0          0          0         88   fclose.o
         8          0          0          0          0         68   ferror.o
       470          0          0          0          0         88   flsbuf.o
       236          4          0          0          0        128   fopen.o
        20          0          0          0          0         84   fprintf.o
        26          0          0          0          0         68   fputc.o
       248          6          0          0          0         84   fseek.o
        66          0          0          0          0         76   ftell.o
       188          0          0          0          0         88   fwritefast.o
        94          0          0          0          0         80   h1_alloc.o
        52          0          0          0          0         68   h1_extend.o
        78          0          0          0          0         80   h1_free.o
        14          0          0          0          0         84   h1_init.o
         6          0          0          0          0        152   heapauxi.o
         4          0          0          0          0        136   hguard.o
         0          0          0          0          0          0   indicate_semi.o
        36         10          0          0          0         80   init_aeabi.o
       138          0          0          0          0        168   init_alloc.o
       312         46          0          0          0        112   initio.o
        18          0          0          0          0         76   isspace.o
        44         10        272          0          0         76   lc_ctype_c.o
        44         10         28          0          0         76   lc_numeric_c.o
         2          0          0          0          0          0   libinit.o
        50          0          0          0          0          0   libinit2.o
         2          0          0          0          0          0   libshutdown.o
        12          0          0          0          0          0   libshutdown2.o
         8          4          0          0         96         68   libspace.o
        38          0          0          0          0         68   llshl.o
       138          0          0          0          0         80   lludiv10.o
        16          6          0          0         42         68   locale.o
       440          8          0          0          0        180   locale_r.o
         0          0          0          0          0          0   maybetermalloc1.o
         8          0          0          0          0         76   memcpy.o
         8          0          0          0          0         76   memmove.o
         0          0         16          0          0          0   null_locale.o
        16          4          0          0          0         76   rt_ctype_table.o
         8          4          0          0          0         68   rt_ddtor_pointer_addr_intlibspace.o
         8          4          0          0          0         68   rt_eh_globals_addr_intlibspace.o
         8          4          0          0          0         68   rt_errno_addr_intlibspace.o
         8          4          0          0          0         68   rt_heap_descriptor_intlibspace.o
         8          4          0          0          0         68   rt_locale_intlibspace.o
        78          0          0          0          0         80   rt_memclr_w.o
       138          0          0          0          0         68   rt_memcpy_v6.o
       100          0          0          0          0         80   rt_memcpy_w.o
       132          0          0          0          0         68   rt_memmove_v6.o
       122          0          0          0          0         80   rt_memmove_w.o
         8          4          0          0          0         68   rt_new_handler_addr_intlibspace.o
         2          0          0          0          0          0   rtexit.o
        10          0          0          0          0          0   rtexit2.o
        44          8          0          0          0         84   scanf_char.o
      1272         16          0          0          0        168   scanf_fp.o
       800         14          0          0          0        100   scanf_hexfp.o
       308         16          0          0          0        100   scanf_infnan.o
        70          0          0          0          0         80   setvbuf.o
        60          8          0          0          0         84   sscanf.o
       240          6          0          0          0        156   stdio.o
         0          0          0         12        252          0   stdio_streams.o
        24          0          0          0          0         68   strcat.o
       128          0          0          0          0         68   strcmpv7m.o
        72          0          0          0          0         80   strcpy.o
        62          0          0          0          0         76   strlen.o
        22          0          0          0          0         68   strrchr.o
        12          4          0          0          0         68   sys_exit.o
       102          0         12          0          0        240   sys_io.o
        74          0          0          0          0         80   sys_stackheap_outer.o
        14          0          0          0          0         76   sys_wrch.o
         2          0          0          0          0         68   use_no_semi.o
        52          4          0          0          0         80   vsnprintf.o
         6          0          0          0          0         68   wmemmove.o
      1172         46        620          8          0        996   char.o
      5236        258        683         12       7472       7668   ios.o
      1410         76          5         32          0       1456   locale.o
       470         34          0         12          0        716   messages.o
        36          0          0          0          0        144   rwalloc.o
       184         24          4          8          0        400   rwcats.o
       884         64        772         23         24        980   rwstdexcept.o
       152         94          0          0          0         72   rwthrowproc_impl_noex.o
         0          0          0          4          0          0   rwthrowproc_noex.o
         0          0          0          0         16          0   vendor.o
        28          0          0          0          0         84   ARM_vec_cleanup_noexceptions.o
        14          0          0          0          0         80   aeabi_vec_delete_noexceptions.o
        16          0          0          0          0         68   aeabi_vec_dtor_cookie.o
        34          0          0          0          0         84   aeabi_vec_dtor_noexceptions.o
        20          0          0          0          0         80   aeabi_vec_new_cookie.o
        80         12          0          0          0        104   arm_exceptions_globs.o
        60          0          0          0          0        108   arm_exceptions_mem.o
        26          0          0          0          0         76   arm_exceptions_terminate.o
         4          0          0          0          0         68   arm_newhandler_noexceptions.o
         2          0          0          0          0         68   arm_rethrow_noexceptions.o
         8          0          0          0          0         76   array_del.o
         8          0          0          0          0         76   array_new.o
       146          0          0          0          0         96   array_new_general.o
        16          0          0          0          0         68   cxa_guard_acquire.o
        24          6          0          0          0         84   cxa_vec_new.o
         8          0          0          0          0         76   delete.o
        12          6          0          0          0         68   exception_ctor.o
         0          0         20          0          0          0   exception_dtor.o
        40          6          0          0          0         76   new.o
        98          4          0          0          0        140   d2f.o
        16          4          0          0          0        116   dcheck1.o
        24          0          0          0          0        116   dcmpi.o
       120          4          0          0          0        140   deqf.o
       120          4          0          0          0        140   dleqf.o
       340         12          0          0          0        152   dmul.o
       156          4          0          0          0        140   dnaninf.o
        12          0          0          0          0        116   dretinf.o
       108          0          0          0          0        128   drleqf.o
         0          0         16          0          0          0   fpconst.o
        10          0          0          0          0        116   fpinit.o
        10          0          0          0          0        116   fretinf.o
         6          0          0          0          0        116   istatus.o
         4          0          0          0          0        116   printf1.o
         4          0          0          0          0        116   printf2.o
       100          0          0          0          0        116   retnan.o
        92          0          0          0          0        116   scalbn.o
         4          0          0          0          0        116   scanf1.o
         8          0          0          0          0        132   scanf2.o
        48          0          0          0          0        116   trapv.o
         0          0          0          0          0          0   usenofp.o
        64         16          0          0          0        248   dunder.o
        48          0          0          0          0        124   fpclassify.o
       140         22          0          0          0        132   frexp.o
       228          8          0          0          0        308   ldexp.o
       266         16          0          0          0        308   narrow.o

    ----------------------------------------------------------------------
     28612       1304       2702        112       7904      27956   Library Totals
        74          2          3          1          2          0   (incl. Padding)

    ----------------------------------------------------------------------

      Code (inc. data)   RO Data    RW Data    ZI Data      Debug   Library Name

     16422        582        579         12        390      10600   c_w.l
      9544        596       2084         99       7512      12432   cpp_ws.l
       546         30         20          0          0       1440   cpprt_w.l
      1280         32         16          0          0       2364   fz_wm.l
       746         62          0          0          0       1120   m_wm.l

    ----------------------------------------------------------------------
     28612       1304       2702        112       7904      27956   Library Totals

    ----------------------------------------------------------------------

==============================================================================


      Code (inc. data)   RO Data    RW Data    ZI Data      Debug   

     37110       2056       3182        208       9528     639195   Grand Totals
     37110       2056       3182        208       9528     639195   ELF Image Totals
     37110       2056       3182        208          0          0   ROM Totals

==============================================================================

    Total RO  Size (Code + RO Data)                40292 (  39.35kB)
    Total RW  Size (RW Data + ZI Data)              9736 (   9.51kB)
    Total ROM Size (Code + RO Data + RW Data)      40500 (  39.55kB)

==============================================================================

